Archive member included to satisfy reference by file (symbol)

d:/corelinkide/gnu mcu eclipse/risc-v embedded gcc/8.2.0-2.2-20190521-0004/bin/../lib/gcc/riscv-none-embed/8.2.0/../../../../riscv-none-embed/lib/rv32im/ilp32\libc.a(lib_a-init.o)
                              ./driver_library/gcc/crt0.riscv.o (__libc_init_array)
d:/corelinkide/gnu mcu eclipse/risc-v embedded gcc/8.2.0-2.2-20190521-0004/bin/../lib/gcc/riscv-none-embed/8.2.0/../../../../riscv-none-embed/lib/rv32im/ilp32\libc.a(lib_a-memcpy.o)
                              ./driver_library/libs/sys_lib/src/system_proton.o (memcpy)
d:/corelinkide/gnu mcu eclipse/risc-v embedded gcc/8.2.0-2.2-20190521-0004/bin/../lib/gcc/riscv-none-embed/8.2.0/../../../../riscv-none-embed/lib/rv32im/ilp32\libc.a(lib_a-memset.o)
                              ./driver_library/libs/sys_lib/src/system_proton.o (memset)
d:/corelinkide/gnu mcu eclipse/risc-v embedded gcc/8.2.0-2.2-20190521-0004/bin/../lib/gcc/riscv-none-embed/8.2.0/rv32im/ilp32\libgcc.a(_divdi3.o)
                              ./src/fpmath.o (__divdi3)
d:/corelinkide/gnu mcu eclipse/risc-v embedded gcc/8.2.0-2.2-20190521-0004/bin/../lib/gcc/riscv-none-embed/8.2.0/rv32im/ilp32\libgcc.a(_umoddi3.o)
                              ./src/fpmath.o (__umoddi3)
d:/corelinkide/gnu mcu eclipse/risc-v embedded gcc/8.2.0-2.2-20190521-0004/bin/../lib/gcc/riscv-none-embed/8.2.0/rv32im/ilp32\libgcc.a(adddf3.o)
                              ./src/fpmath.o (__adddf3)
d:/corelinkide/gnu mcu eclipse/risc-v embedded gcc/8.2.0-2.2-20190521-0004/bin/../lib/gcc/riscv-none-embed/8.2.0/rv32im/ilp32\libgcc.a(gedf2.o)
                              ./src/fpmath.o (__gedf2)
d:/corelinkide/gnu mcu eclipse/risc-v embedded gcc/8.2.0-2.2-20190521-0004/bin/../lib/gcc/riscv-none-embed/8.2.0/rv32im/ilp32\libgcc.a(muldf3.o)
                              ./src/fpmath.o (__muldf3)
d:/corelinkide/gnu mcu eclipse/risc-v embedded gcc/8.2.0-2.2-20190521-0004/bin/../lib/gcc/riscv-none-embed/8.2.0/rv32im/ilp32\libgcc.a(fixunsdfsi.o)
                              ./src/fpmath.o (__fixunsdfsi)
d:/corelinkide/gnu mcu eclipse/risc-v embedded gcc/8.2.0-2.2-20190521-0004/bin/../lib/gcc/riscv-none-embed/8.2.0/rv32im/ilp32\libgcc.a(fixdfdi.o)
                              ./src/fpmath.o (__fixdfdi)
d:/corelinkide/gnu mcu eclipse/risc-v embedded gcc/8.2.0-2.2-20190521-0004/bin/../lib/gcc/riscv-none-embed/8.2.0/rv32im/ilp32\libgcc.a(floatdidf.o)
                              ./src/fpmath.o (__floatdidf)
d:/corelinkide/gnu mcu eclipse/risc-v embedded gcc/8.2.0-2.2-20190521-0004/bin/../lib/gcc/riscv-none-embed/8.2.0/rv32im/ilp32\libgcc.a(_clz.o)
                              d:/corelinkide/gnu mcu eclipse/risc-v embedded gcc/8.2.0-2.2-20190521-0004/bin/../lib/gcc/riscv-none-embed/8.2.0/rv32im/ilp32\libgcc.a(_divdi3.o) (__clz_tab)
d:/corelinkide/gnu mcu eclipse/risc-v embedded gcc/8.2.0-2.2-20190521-0004/bin/../lib/gcc/riscv-none-embed/8.2.0/rv32im/ilp32\libgcc.a(_clzsi2.o)
                              d:/corelinkide/gnu mcu eclipse/risc-v embedded gcc/8.2.0-2.2-20190521-0004/bin/../lib/gcc/riscv-none-embed/8.2.0/rv32im/ilp32\libgcc.a(adddf3.o) (__clzsi2)

Discarded input sections

 .group         0x0000000000000000        0xc ./src/fpmath.o
 .group         0x0000000000000000        0xc ./src/fpmath.o
 .group         0x0000000000000000        0xc ./src/fpmath.o
 .group         0x0000000000000000        0xc ./src/fpmath.o
 .group         0x0000000000000000        0xc ./src/fpmath.o
 .group         0x0000000000000000        0xc ./src/fpmath.o
 .group         0x0000000000000000        0xc ./src/fpmath.o
 .group         0x0000000000000000        0xc ./src/fpmath.o
 .group         0x0000000000000000        0xc ./src/fpmath.o
 .group         0x0000000000000000        0xc ./src/fpmath.o
 .group         0x0000000000000000        0xc ./src/fpmath.o
 .group         0x0000000000000000        0xc ./src/fpmath.o
 .group         0x0000000000000000        0xc ./src/fpmath.o
 .group         0x0000000000000000        0xc ./src/fpmath.o
 .group         0x0000000000000000        0xc ./src/fpmath.o
 .group         0x0000000000000000        0xc ./src/fpmath.o
 .group         0x0000000000000000        0xc ./src/fpmath.o
 .group         0x0000000000000000        0xc ./src/fpmath.o
 .group         0x0000000000000000        0xc ./src/fpmath.o
 .group         0x0000000000000000        0xc ./src/fpmath.o
 .group         0x0000000000000000        0xc ./src/fpmath.o
 .group         0x0000000000000000        0xc ./src/fpmath.o
 .group         0x0000000000000000        0xc ./src/fpmath.o
 .group         0x0000000000000000        0xc ./src/fpmath.o
 .group         0x0000000000000000        0xc ./src/fpmath.o
 .group         0x0000000000000000        0xc ./src/fpmath.o
 .group         0x0000000000000000        0xc ./src/fpmath.o
 .group         0x0000000000000000        0xc ./src/fpmath.o
 .group         0x0000000000000000        0xc ./src/fpmath.o
[...]
Memory Configuration

Name             Origin             Length             Attributes
m_text           0x0000000000000000 0x0000000000008000
m_data           0x0000000000100000 0x0000000000004000
*default*        0x0000000000000000 0xffffffffffffffff

Linker script and memory map

LOAD ./src/fpmath.o
LOAD ./driver_library/libs/sys_lib/src/drv_adc.o
LOAD ./driver_library/libs/sys_lib/src/drv_clock.o
LOAD ./driver_library/libs/sys_lib/src/drv_clockcal.o
LOAD ./driver_library/libs/sys_lib/src/drv_console.o
LOAD ./driver_library/libs/sys_lib/src/drv_eflash.o
LOAD ./driver_library/libs/sys_lib/src/drv_gpio.o
LOAD ./driver_library/libs/sys_lib/src/drv_i2c.o
LOAD ./driver_library/libs/sys_lib/src/drv_power.o
LOAD ./driver_library/libs/sys_lib/src/drv_pwm.o
LOAD ./driver_library/libs/sys_lib/src/drv_rtc.o
LOAD ./driver_library/libs/sys_lib/src/drv_scu.o
LOAD ./driver_library/libs/sys_lib/src/drv_spi.o
LOAD ./driver_library/libs/sys_lib/src/drv_timer.o
LOAD ./driver_library/libs/sys_lib/src/drv_uart.o
LOAD ./driver_library/libs/sys_lib/src/drv_wdt.o
LOAD ./driver_library/libs/sys_lib/src/irq.o
LOAD ./driver_library/libs/sys_lib/src/system_proton.o
LOAD ./driver_library/libs/sys_lib/src/utils.o
LOAD ./driver_library/libs/string_lib/src/qprintf.o
LOAD ./driver_library/gcc/crt0.riscv.o
START GROUP
LOAD d:/corelinkide/gnu mcu eclipse/risc-v embedded gcc/8.2.0-2.2-20190521-0004/bin/../lib/gcc/riscv-none-embed/8.2.0/../../../../riscv-none-embed/lib/rv32im/ilp32\libc.a
LOAD d:/corelinkide/gnu mcu eclipse/risc-v embedded gcc/8.2.0-2.2-20190521-0004/bin/../lib/gcc/riscv-none-embed/8.2.0/../../../../riscv-none-embed/lib/rv32im/ilp32\libm.a
LOAD d:/corelinkide/gnu mcu eclipse/risc-v embedded gcc/8.2.0-2.2-20190521-0004/bin/../lib/gcc/riscv-none-embed/8.2.0/../../../../riscv-none-embed/lib/rv32im/ilp32\libgloss.a
LOAD d:/corelinkide/gnu mcu eclipse/risc-v embedded gcc/8.2.0-2.2-20190521-0004/bin/../lib/gcc/riscv-none-embed/8.2.0/rv32im/ilp32\libgcc.a
LOAD d:/corelinkide/gnu mcu eclipse/risc-v embedded gcc/8.2.0-2.2-20190521-0004/bin/../lib/gcc/riscv-none-embed/8.2.0/../../../../riscv-none-embed/lib/rv32im/ilp32\libsupc++.a
END GROUP
                0x0000000000000800                STACK_SIZE = DEFINED (__stack_size__)?__stack_size__:0x800

.vectors        0x0000000000000000       0x8c
                0x0000000000000000                . = ALIGN (0x4)
 *(.vectors)
 .vectors       0x0000000000000000       0x8c ./driver_library/gcc/crt0.riscv.o

.text           0x0000000000000090      0x40c
                0x0000000000000090                . = ALIGN (0x4)
                0x0000000000000090                _stext = .
 *(.text)
 .text          0x0000000000000090      0x158 ./driver_library/gcc/crt0.riscv.o
                0x00000000000001e6                _fini
                0x00000000000001e6                _init
 .text          0x00000000000001e8       0xdc d:/corelinkide/gnu mcu eclipse/risc-v embedded gcc/8.2.0-2.2-20190521-0004/bin/../lib/gcc/riscv-none-embed/8.2.0/../../../../riscv-none-embed/lib/rv32im/ilp32\libc.a(lib_a-memset.o)
                0x00000000000001e8                memset
                0x00000000000002c4                _etext = .
 *(.rodata)
 *(.rodata.*)
 *fill*         0x00000000000002c4        0x4 
 .rodata.fix32_to_double.cst8
                0x00000000000002c8        0x8 ./src/fpmath.o
 .rodata.main.str1.4
                0x00000000000002d0       0x36 ./src/fpmath.o
 *fill*         0x0000000000000306        0x2 
 .rodata.CSWTCH.0
                0x0000000000000308       0x1c ./driver_library/libs/sys_lib/src/drv_clock.o
 .rodata.gpio_mode_set
                0x0000000000000324       0x20 ./driver_library/libs/sys_lib/src/drv_gpio.o
 .rodata.printf.str1.4
                0x0000000000000344        0x8 ./driver_library/libs/string_lib/src/qprintf.o
                                          0x7 (size before relaxing)
 .rodata.__muldf3
                0x000000000000034c       0x40 d:/corelinkide/gnu mcu eclipse/risc-v embedded gcc/8.2.0-2.2-20190521-0004/bin/../lib/gcc/riscv-none-embed/8.2.0/rv32im/ilp32\libgcc.a(muldf3.o)
 .rodata.__clz_tab
                0x000000000000038c      0x100 d:/corelinkide/gnu mcu eclipse/risc-v embedded gcc/8.2.0-2.2-20190521-0004/bin/../lib/gcc/riscv-none-embed/8.2.0/rv32im/ilp32\libgcc.a(_clz.o)
                0x000000000000038c                __clz_tab
                0x000000000000048c                __CTOR_LIST__ = .
                0x000000000000048c        0x4 LONG 0x0 (((__CTOR_END__ - __CTOR_LIST__) / 0x4) - 0x2)
 *(.ctors)
                0x0000000000000490        0x4 LONG 0x0
                0x0000000000000494                __CTOR_END__ = .
                0x0000000000000494                __DTOR_LIST__ = .
                0x0000000000000494        0x4 LONG 0x0 (((__DTOR_END__ - __DTOR_LIST__) / 0x4) - 0x2)
 *(.dtors)
                0x0000000000000498        0x4 LONG 0x0
                0x000000000000049c                __DTOR_END__ = .
 *(.lit)
 *(.shdata)
                0x000000000000049c                . = ALIGN (0x4)
                0x000000000000049c                __fsymtab_start = .
 *(FSymTab)
                0x000000000000049c                __fsymtab_end = .
                0x000000000000049c                . = ALIGN (0x4)
                0x000000000000049c                __vsymtab_start = .
 *(VSymTab)
                0x000000000000049c                __vsymtab_end = .
                0x000000000000049c                . = ALIGN (0x4)
                0x000000000000049c                . = ALIGN (0x4)
                0x000000000000049c                __rt_init_start = .
 *(SORT_BY_NAME(.rti_fn*))
                0x000000000000049c                __rt_init_end = .
                0x000000000000049c                . = ALIGN (0x4)
                0x000000000000049c                _endtext = .

.text.fix32_mul
                0x000000000000049c       0xd6
 .text.fix32_mul
                0x000000000000049c       0xd6 ./src/fpmath.o
                0x000000000000049c                fix32_mul

.text.startup.main
                0x0000000000000572      0x104
 .text.startup.main
                0x0000000000000572      0x104 ./src/fpmath.o
                0x0000000000000572                main

.text.system_clock_set
                0x0000000000000676       0x16
 .text.system_clock_set
                0x0000000000000676       0x16 ./driver_library/libs/sys_lib/src/drv_clock.o
                0x0000000000000676                system_clock_set

.text.system_clock_get
                0x000000000000068c       0x26
 .text.system_clock_get
                0x000000000000068c       0x26 ./driver_library/libs/sys_lib/src/drv_clock.o
                0x000000000000068c                system_clock_get

.text.lf_clock_select
                0x00000000000006b2       0x16
 .text.lf_clock_select
                0x00000000000006b2       0x16 ./driver_library/libs/sys_lib/src/drv_clock.o
                0x00000000000006b2                lf_clock_select

.text.ext_clock_enable
                0x00000000000006c8       0x1e
 .text.ext_clock_enable
                0x00000000000006c8       0x1e ./driver_library/libs/sys_lib/src/drv_clock.o
                0x00000000000006c8                ext_clock_enable

.text.clockcal_calibrate
                0x00000000000006e6       0x32
 .text.clockcal_calibrate
                0x00000000000006e6       0x32 ./driver_library/libs/sys_lib/src/drv_clockcal.o
                0x00000000000006e6                clockcal_calibrate

.text.clockcal_read_factor_register
                0x0000000000000718       0x1a
 .text.clockcal_read_factor_register
                0x0000000000000718       0x1a ./driver_library/libs/sys_lib/src/drv_clockcal.o
                0x0000000000000718                clockcal_read_factor_register

.text.clockcal_write_factor_register
                0x0000000000000732       0x32
 .text.clockcal_write_factor_register
                0x0000000000000732       0x32 ./driver_library/libs/sys_lib/src/drv_clockcal.o
                0x0000000000000732                clockcal_write_factor_register

.text.console_init
                0x0000000000000764       0x50
 .text.console_init
                0x0000000000000764       0x50 ./driver_library/libs/sys_lib/src/drv_console.o
                0x0000000000000764                console_init

.text.console_send_char
                0x00000000000007b4       0x20
 .text.console_send_char
                0x00000000000007b4       0x20 ./driver_library/libs/sys_lib/src/drv_console.o
                0x00000000000007b4                console_send_char

.text.eflash_erase_page
                0x00000000000007d4       0x6e
 .text.eflash_erase_page
                0x00000000000007d4       0x6e ./driver_library/libs/sys_lib/src/drv_eflash.o
                0x00000000000007d4                eflash_erase_page

.text.eflash_program_word
                0x0000000000000842       0x5c
 .text.eflash_program_word
                0x0000000000000842       0x5c ./driver_library/libs/sys_lib/src/drv_eflash.o
                0x0000000000000842                eflash_program_word

.text.eflash_read_word
                0x000000000000089e       0x5c
 .text.eflash_read_word
                0x000000000000089e       0x5c ./driver_library/libs/sys_lib/src/drv_eflash.o
                0x000000000000089e                eflash_read_word

.text.gpio_func_set
                0x00000000000008fa       0x48
 .text.gpio_func_set
                0x00000000000008fa       0x48 ./driver_library/libs/sys_lib/src/drv_gpio.o
                0x00000000000008fa                gpio_func_set

.text.gpio_mode_set
                0x0000000000000942      0x1c8
 .text.gpio_mode_set
                0x0000000000000942      0x1c8 ./driver_library/libs/sys_lib/src/drv_gpio.o
                0x0000000000000942                gpio_mode_set

.text.uartx_set_conf
                0x0000000000000b0a       0x66
 .text.uartx_set_conf
                0x0000000000000b0a       0x66 ./driver_library/libs/sys_lib/src/drv_uart.o
                0x0000000000000b0a                uartx_set_conf

.text.uartx_int_enable
                0x0000000000000b70       0x94
 .text.uartx_int_enable
                0x0000000000000b70       0x94 ./driver_library/libs/sys_lib/src/drv_uart.o
                0x0000000000000b70                uartx_int_enable

.text.uartx_send_char
                0x0000000000000c04       0x14
 .text.uartx_send_char
                0x0000000000000c04       0x14 ./driver_library/libs/sys_lib/src/drv_uart.o
                0x0000000000000c04                uartx_send_char

.text.uartx_wait_tx_done
                0x0000000000000c18       0x12
 .text.uartx_wait_tx_done
                0x0000000000000c18       0x12 ./driver_library/libs/sys_lib/src/drv_uart.o
                0x0000000000000c18                uartx_wait_tx_done

.text.default_irq_handler
                0x0000000000000c2a        0x2
 .text.default_irq_handler
                0x0000000000000c2a        0x2 ./driver_library/libs/sys_lib/src/irq.o
                0x0000000000000c2a                default_irq_handler

.text.I2C5_IRQ_handler
                0x0000000000000c2c        0x2
 .text.I2C5_IRQ_handler
                0x0000000000000c2c        0x2 ./driver_library/libs/sys_lib/src/irq.o
                0x0000000000000c2c                I2C5_IRQ_handler

.text.I2C4_IRQ_handler
                0x0000000000000c2e        0x2
 .text.I2C4_IRQ_handler
                0x0000000000000c2e        0x2 ./driver_library/libs/sys_lib/src/irq.o
                0x0000000000000c2e                I2C4_IRQ_handler

.text.I2C3_IRQ_handler
                0x0000000000000c30        0x2
 .text.I2C3_IRQ_handler
                0x0000000000000c30        0x2 ./driver_library/libs/sys_lib/src/irq.o
                0x0000000000000c30                I2C3_IRQ_handler

.text.I2C2_IRQ_handler
                0x0000000000000c32        0x2
 .text.I2C2_IRQ_handler
                0x0000000000000c32        0x2 ./driver_library/libs/sys_lib/src/irq.o
                0x0000000000000c32                I2C2_IRQ_handler

.text.I2C1_IRQ_handler
                0x0000000000000c34        0x2
 .text.I2C1_IRQ_handler
                0x0000000000000c34        0x2 ./driver_library/libs/sys_lib/src/irq.o
                0x0000000000000c34                I2C1_IRQ_handler

.text.I2C0_IRQ_handler
                0x0000000000000c36        0x2
 .text.I2C0_IRQ_handler
                0x0000000000000c36        0x2 ./driver_library/libs/sys_lib/src/irq.o
                0x0000000000000c36                I2C0_IRQ_handler

.text.ADCH_IRQ_handler
                0x0000000000000c38        0x2
 .text.ADCH_IRQ_handler
                0x0000000000000c38        0x2 ./driver_library/libs/sys_lib/src/irq.o
                0x0000000000000c38                ADCH_IRQ_handler

.text.ADCF_IRQ_handler
                0x0000000000000c3a        0x2
 .text.ADCF_IRQ_handler
                0x0000000000000c3a        0x2 ./driver_library/libs/sys_lib/src/irq.o
                0x0000000000000c3a                ADCF_IRQ_handler

.text.RTC_IRQ_handler
                0x0000000000000c3c        0x2
 .text.RTC_IRQ_handler
                0x0000000000000c3c        0x2 ./driver_library/libs/sys_lib/src/irq.o
                0x0000000000000c3c                RTC_IRQ_handler

.text.CAL32M_IRQ_handler
                0x0000000000000c3e        0x2
 .text.CAL32M_IRQ_handler
                0x0000000000000c3e        0x2 ./driver_library/libs/sys_lib/src/irq.o
                0x0000000000000c3e                CAL32M_IRQ_handler

.text.CAL32K_IRQ_handler
                0x0000000000000c40        0x2
 .text.CAL32K_IRQ_handler
                0x0000000000000c40        0x2 ./driver_library/libs/sys_lib/src/irq.o
                0x0000000000000c40                CAL32K_IRQ_handler

.text.UART5_IRQ_handler
                0x0000000000000c42        0x2
 .text.UART5_IRQ_handler
                0x0000000000000c42        0x2 ./driver_library/libs/sys_lib/src/irq.o
                0x0000000000000c42                UART5_IRQ_handler

.text.UART4_IRQ_handler
                0x0000000000000c44        0x2
 .text.UART4_IRQ_handler
                0x0000000000000c44        0x2 ./driver_library/libs/sys_lib/src/irq.o
                0x0000000000000c44                UART4_IRQ_handler

.text.UART3_IRQ_handler
                0x0000000000000c46        0x2
 .text.UART3_IRQ_handler
                0x0000000000000c46        0x2 ./driver_library/libs/sys_lib/src/irq.o
                0x0000000000000c46                UART3_IRQ_handler

.text.UART2_IRQ_handler
                0x0000000000000c48        0x2
 .text.UART2_IRQ_handler
                0x0000000000000c48        0x2 ./driver_library/libs/sys_lib/src/irq.o
                0x0000000000000c48                UART2_IRQ_handler

.text.UART1_IRQ_handler
                0x0000000000000c4a        0x2
 .text.UART1_IRQ_handler
                0x0000000000000c4a        0x2 ./driver_library/libs/sys_lib/src/irq.o
                0x0000000000000c4a                UART1_IRQ_handler

.text.UART0_IRQ_handler
                0x0000000000000c4c        0x2
 .text.UART0_IRQ_handler
                0x0000000000000c4c        0x2 ./driver_library/libs/sys_lib/src/irq.o
                0x0000000000000c4c                UART0_IRQ_handler

.text.GPIO_IRQ_handler
                0x0000000000000c4e        0x2
 .text.GPIO_IRQ_handler
                0x0000000000000c4e        0x2 ./driver_library/libs/sys_lib/src/irq.o
                0x0000000000000c4e                GPIO_IRQ_handler

.text.SPIM1A_IRQ_handler
                0x0000000000000c50        0x2
 .text.SPIM1A_IRQ_handler
                0x0000000000000c50        0x2 ./driver_library/libs/sys_lib/src/irq.o
                0x0000000000000c50                SPIM1A_IRQ_handler

.text.SPIM1B_IRQ_handler
                0x0000000000000c52        0x2
 .text.SPIM1B_IRQ_handler
                0x0000000000000c52        0x2 ./driver_library/libs/sys_lib/src/irq.o
                0x0000000000000c52                SPIM1B_IRQ_handler

.text.SPIM0A_IRQ_handler
                0x0000000000000c54        0x2
 .text.SPIM0A_IRQ_handler
                0x0000000000000c54        0x2 ./driver_library/libs/sys_lib/src/irq.o
                0x0000000000000c54                SPIM0A_IRQ_handler

.text.SPIM0B_IRQ_handler
                0x0000000000000c56        0x2
 .text.SPIM0B_IRQ_handler
                0x0000000000000c56        0x2 ./driver_library/libs/sys_lib/src/irq.o
                0x0000000000000c56                SPIM0B_IRQ_handler

.text.TIMER0_IRQ_handler
                0x0000000000000c58        0x2
 .text.TIMER0_IRQ_handler
                0x0000000000000c58        0x2 ./driver_library/libs/sys_lib/src/irq.o
                0x0000000000000c58                TIMER0_IRQ_handler

.text.TIMER1_IRQ_handler
                0x0000000000000c5a        0x2
 .text.TIMER1_IRQ_handler
                0x0000000000000c5a        0x2 ./driver_library/libs/sys_lib/src/irq.o
                0x0000000000000c5a                TIMER1_IRQ_handler

.text.TIMER2_IRQ_handler
                0x0000000000000c5c        0x2
 .text.TIMER2_IRQ_handler
                0x0000000000000c5c        0x2 ./driver_library/libs/sys_lib/src/irq.o
                0x0000000000000c5c                TIMER2_IRQ_handler

.text.TIMER3_IRQ_handler
                0x0000000000000c5e        0x2
 .text.TIMER3_IRQ_handler
                0x0000000000000c5e        0x2 ./driver_library/libs/sys_lib/src/irq.o
                0x0000000000000c5e                TIMER3_IRQ_handler

.text.illegal_insn_handler_c
                0x0000000000000c60        0x2
 .text.illegal_insn_handler_c
                0x0000000000000c60        0x2 ./driver_library/libs/sys_lib/src/irq.o
                0x0000000000000c60                illegal_insn_handler_c

.text.ecall_insn_handler_c
                0x0000000000000c62        0x2
 .text.ecall_insn_handler_c
                0x0000000000000c62        0x2 ./driver_library/libs/sys_lib/src/irq.o
                0x0000000000000c62                ecall_insn_handler_c

.text.system_irq_handler
                0x0000000000000c64       0x1a
 .text.system_irq_handler
                0x0000000000000c64       0x1a ./driver_library/libs/sys_lib/src/irq.o
                0x0000000000000c64                system_irq_handler

.text.system_init_hook
                0x0000000000000c7e      0x10a
 .text.system_init_hook
                0x0000000000000c7e      0x10a ./driver_library/libs/sys_lib/src/system_proton.o
                0x0000000000000c7e                system_init_hook

.text.system_init
                0x0000000000000d88       0x50
 .text.system_init
                0x0000000000000d88       0x50 ./driver_library/libs/sys_lib/src/system_proton.o
                0x0000000000000d88                system_init

.text.exit      0x0000000000000dd8       0x12
 .text.exit     0x0000000000000dd8       0x12 ./driver_library/libs/sys_lib/src/utils.o
                0x0000000000000dd8                exit

.text.qprinti.constprop.1
                0x0000000000000dea      0x2b4
 .text.qprinti.constprop.1
                0x0000000000000dea      0x2b4 ./driver_library/libs/string_lib/src/qprintf.o

.text.printf    0x000000000000109e      0x354
 .text.printf   0x000000000000109e      0x354 ./driver_library/libs/string_lib/src/qprintf.o
                0x000000000000109e                printf

.text.__libc_init_array
                0x00000000000013f4       0x98
 .text.__libc_init_array
                0x00000000000013f4       0x98 d:/corelinkide/gnu mcu eclipse/risc-v embedded gcc/8.2.0-2.2-20190521-0004/bin/../lib/gcc/riscv-none-embed/8.2.0/../../../../riscv-none-embed/lib/rv32im/ilp32\libc.a(lib_a-init.o)
                0x00000000000013f4                __libc_init_array

.text.memcpy    0x000000000000148c      0x11c
 .text.memcpy   0x000000000000148c      0x11c d:/corelinkide/gnu mcu eclipse/risc-v embedded gcc/8.2.0-2.2-20190521-0004/bin/../lib/gcc/riscv-none-embed/8.2.0/../../../../riscv-none-embed/lib/rv32im/ilp32\libc.a(lib_a-memcpy.o)
                0x000000000000148c                memcpy

.text.__muldf3  0x00000000000015a8      0x65c
 .text.__muldf3
                0x00000000000015a8      0x65c d:/corelinkide/gnu mcu eclipse/risc-v embedded gcc/8.2.0-2.2-20190521-0004/bin/../lib/gcc/riscv-none-embed/8.2.0/rv32im/ilp32\libgcc.a(muldf3.o)
                0x00000000000015a8                __muldf3

.text.__fixunsdfsi
                0x0000000000001c04       0x78
 .text.__fixunsdfsi
                0x0000000000001c04       0x78 d:/corelinkide/gnu mcu eclipse/risc-v embedded gcc/8.2.0-2.2-20190521-0004/bin/../lib/gcc/riscv-none-embed/8.2.0/rv32im/ilp32\libgcc.a(fixunsdfsi.o)
                0x0000000000001c04                __fixunsdfsi

.text.__floatdidf
                0x0000000000001c7c      0x254
 .text.__floatdidf
                0x0000000000001c7c      0x254 d:/corelinkide/gnu mcu eclipse/risc-v embedded gcc/8.2.0-2.2-20190521-0004/bin/../lib/gcc/riscv-none-embed/8.2.0/rv32im/ilp32\libgcc.a(floatdidf.o)
                0x0000000000001c7c                __floatdidf

.text.__clzsi2  0x0000000000001ed0       0x84
 .text.__clzsi2
                0x0000000000001ed0       0x84 d:/corelinkide/gnu mcu eclipse/risc-v embedded gcc/8.2.0-2.2-20190521-0004/bin/../lib/gcc/riscv-none-embed/8.2.0/rv32im/ilp32\libgcc.a(_clzsi2.o)
                0x0000000000001ed0                __clzsi2

.sdata2.UART0   0x0000000000001f54        0x4
 .sdata2.UART0  0x0000000000001f54        0x4 ./driver_library/libs/sys_lib/src/drv_uart.o
                0x0000000000001f54                UART0

.rela.dyn       0x0000000000001f58        0x0
 .rela.data.isr_table
                0x0000000000001f58        0x0 ./src/fpmath.o
 .rela.text.system_init
                0x0000000000001f58        0x0 ./src/fpmath.o
 .rela.text     0x0000000000001f58        0x0 ./src/fpmath.o
 .rela.text.__libc_init_array
                0x0000000000001f58        0x0 ./src/fpmath.o

.preinit_array  0x0000000000001f58        0x0
                0x0000000000001f58                PROVIDE (__preinit_array_start = .)
 *(.preinit_array)
                0x0000000000001f58                PROVIDE (__preinit_array_end = .)

.init_array     0x0000000000001f58        0x0
                0x0000000000001f58                PROVIDE (__init_array_start = .)
 *(SORT_BY_NAME(.init_array.*))
 *(.init_array)
                0x0000000000001f58                PROVIDE (__init_array_end = .)

.fini_array     0x0000000000001f58        0x0
                [!provide]                        PROVIDE (__fini_array_start = .)
 *(SORT_BY_NAME(.fini_array.*))
 *(.fini_array)
                [!provide]                        PROVIDE (__fini_array_end = .)
                0x0000000000001f58                __etext = .
                0x0000000000001f58                __global_pointer = .
                0x0000000000001f58                __DATA_ROM = .

.data           0x0000000000100000       0x90 load address 0x0000000000001f58
                0x0000000000100000                . = ALIGN (0x4)
                0x0000000000100000                __DATA_RAM = .
                0x0000000000100000                __data_start__ = .
                0x0000000000100000                sdata = .
 *(.data)
 *(.data.*)
 .data.isr_table
                0x0000000000100000       0x80 ./driver_library/libs/sys_lib/src/irq.o
 .data.remu10_table
                0x0000000000100080       0x10 ./driver_library/libs/string_lib/src/qprintf.o
                0x0000000000100080                remu10_table
                0x0000000000100090                edata = .
                0x0000000000100090                . = ALIGN (0x4)
                0x0000000000100090                __data_end__ = .

.stack          0x0000000000100090      0x800 load address 0x0000000000001fe8
                0x0000000000100090                . = ALIGN (0x8)
                0x0000000000100090                __StackLimit = .
                0x0000000000100890                . = (. + STACK_SIZE)
 *fill*         0x0000000000100090      0x800 
                0x0000000000100890                __StackTop = .
                0x0000000000100890                __rt_thread_irq_stack_top = .
                0x0000000000100890                __freertos_irq_stack_top = .
                [!provide]                        PROVIDE (__stack = __StackTop)
                0x0000000000100890                __bss_start = .

.bss            0x0000000000100890        0x0
                0x0000000000100890                . = ALIGN (0x4)
                0x0000000000100890                __START_BSS = .
                0x0000000000100890                __bss_start__ = .
 *(.bss)
 *(.bss.*)
 *(.sbss)
 *(.sbss.*)
 *(COMMON)
                0x0000000000100890                . = ALIGN (0x4)
                0x0000000000100890                __bss_end__ = .
                0x0000000000100890                __END_BSS = .
                0x0000000000100890                __bss_end = .
OUTPUT(fp64.elf elf32-littleriscv)

.debug_info     0x0000000000000000     0x629c
 .debug_info    0x0000000000000000     0x16c8 ./src/fpmath.o
 .debug_info    0x00000000000016c8      0x249 ./driver_library/libs/sys_lib/src/drv_clock.o
 .debug_info    0x0000000000001911      0x2a1 ./driver_library/libs/sys_lib/src/drv_clockcal.o
 .debug_info    0x0000000000001bb2      0x444 ./driver_library/libs/sys_lib/src/drv_console.o
 .debug_info    0x0000000000001ff6      0x9ca ./driver_library/libs/sys_lib/src/drv_eflash.o
 .debug_info    0x00000000000029c0      0x45e ./driver_library/libs/sys_lib/src/drv_gpio.o
 .debug_info    0x0000000000002e1e      0x7c0 ./driver_library/libs/sys_lib/src/drv_uart.o
 .debug_info    0x00000000000035de      0xbf7 ./driver_library/libs/sys_lib/src/irq.o
 .debug_info    0x00000000000041d5      0x75c ./driver_library/libs/sys_lib/src/system_proton.o
 .debug_info    0x0000000000004931      0xa9f ./driver_library/libs/sys_lib/src/utils.o
 .debug_info    0x00000000000053d0      0xeaa ./driver_library/libs/string_lib/src/qprintf.o
 .debug_info    0x000000000000627a       0x22 ./driver_library/gcc/crt0.riscv.o

.debug_abbrev   0x0000000000000000     0x1978
 .debug_abbrev  0x0000000000000000      0x51b ./src/fpmath.o
 .debug_abbrev  0x000000000000051b      0x142 ./driver_library/libs/sys_lib/src/drv_clock.o
 .debug_abbrev  0x000000000000065d      0x161 ./driver_library/libs/sys_lib/src/drv_clockcal.o
 .debug_abbrev  0x00000000000007be      0x189 ./driver_library/libs/sys_lib/src/drv_console.o
 .debug_abbrev  0x0000000000000947      0x21a ./driver_library/libs/sys_lib/src/drv_eflash.o
 .debug_abbrev  0x0000000000000b61      0x156 ./driver_library/libs/sys_lib/src/drv_gpio.o
 .debug_abbrev  0x0000000000000cb7      0x1d5 ./driver_library/libs/sys_lib/src/drv_uart.o
 .debug_abbrev  0x0000000000000e8c      0x24b ./driver_library/libs/sys_lib/src/irq.o
 .debug_abbrev  0x00000000000010d7      0x20a ./driver_library/libs/sys_lib/src/system_proton.o
 .debug_abbrev  0x00000000000012e1      0x2fa ./driver_library/libs/sys_lib/src/utils.o
 .debug_abbrev  0x00000000000015db      0x38b ./driver_library/libs/string_lib/src/qprintf.o
 .debug_abbrev  0x0000000000001966       0x12 ./driver_library/gcc/crt0.riscv.o

.debug_loc      0x0000000000000000     0x3ec4
 .debug_loc     0x0000000000000000      0x79f ./src/fpmath.o
 .debug_loc     0x000000000000079f       0xab ./driver_library/libs/sys_lib/src/drv_clock.o
 .debug_loc     0x000000000000084a       0xdd ./driver_library/libs/sys_lib/src/drv_clockcal.o
 .debug_loc     0x0000000000000927       0xa5 ./driver_library/libs/sys_lib/src/drv_console.o
 .debug_loc     0x00000000000009cc      0xbfd ./driver_library/libs/sys_lib/src/drv_eflash.o
 .debug_loc     0x00000000000015c9      0x48c ./driver_library/libs/sys_lib/src/drv_gpio.o
 .debug_loc     0x0000000000001a55      0x68e ./driver_library/libs/sys_lib/src/drv_uart.o
 .debug_loc     0x00000000000020e3       0x8b ./driver_library/libs/sys_lib/src/irq.o
 .debug_loc     0x000000000000216e       0x61 ./driver_library/libs/sys_lib/src/system_proton.o
 .debug_loc     0x00000000000021cf      0x22a ./driver_library/libs/sys_lib/src/utils.o
 .debug_loc     0x00000000000023f9     0x1acb ./driver_library/libs/string_lib/src/qprintf.o

.debug_aranges  0x0000000000000000      0x4c0
 .debug_aranges
                0x0000000000000000       0x90 ./src/fpmath.o
 .debug_aranges
                0x0000000000000090       0x50 ./driver_library/libs/sys_lib/src/drv_clock.o
 .debug_aranges
                0x00000000000000e0       0x40 ./driver_library/libs/sys_lib/src/drv_clockcal.o
 .debug_aranges
                0x0000000000000120       0x38 ./driver_library/libs/sys_lib/src/drv_console.o
 .debug_aranges
                0x0000000000000158       0x80 ./driver_library/libs/sys_lib/src/drv_eflash.o
 .debug_aranges
                0x00000000000001d8       0x80 ./driver_library/libs/sys_lib/src/drv_gpio.o
 .debug_aranges
                0x0000000000000258       0x68 ./driver_library/libs/sys_lib/src/drv_uart.o
 .debug_aranges
                0x00000000000002c0      0x118 ./driver_library/libs/sys_lib/src/irq.o
 .debug_aranges
                0x00000000000003d8       0x28 ./driver_library/libs/sys_lib/src/system_proton.o
 .debug_aranges
                0x0000000000000400       0x40 ./driver_library/libs/sys_lib/src/utils.o
 .debug_aranges
                0x0000000000000440       0x58 ./driver_library/libs/string_lib/src/qprintf.o
 .debug_aranges
                0x0000000000000498       0x28 ./driver_library/gcc/crt0.riscv.o

.debug_ranges   0x0000000000000000      0xbf0
 .debug_ranges  0x0000000000000000      0x130 ./src/fpmath.o
 .debug_ranges  0x0000000000000130       0x40 ./driver_library/libs/sys_lib/src/drv_clock.o
 .debug_ranges  0x0000000000000170       0x30 ./driver_library/libs/sys_lib/src/drv_clockcal.o
 .debug_ranges  0x00000000000001a0       0x28 ./driver_library/libs/sys_lib/src/drv_console.o
 .debug_ranges  0x00000000000001c8      0x2a8 ./driver_library/libs/sys_lib/src/drv_eflash.o
 .debug_ranges  0x0000000000000470       0x70 ./driver_library/libs/sys_lib/src/drv_gpio.o
 .debug_ranges  0x00000000000004e0       0x58 ./driver_library/libs/sys_lib/src/drv_uart.o
 .debug_ranges  0x0000000000000538      0x108 ./driver_library/libs/sys_lib/src/irq.o
 .debug_ranges  0x0000000000000640       0x80 ./driver_library/libs/sys_lib/src/system_proton.o
 .debug_ranges  0x00000000000006c0       0x60 ./driver_library/libs/sys_lib/src/utils.o
 .debug_ranges  0x0000000000000720      0x4b0 ./driver_library/libs/string_lib/src/qprintf.o
 .debug_ranges  0x0000000000000bd0       0x20 ./driver_library/gcc/crt0.riscv.o

.debug_macro    0x0000000000000000     0x30bc
 .debug_macro   0x0000000000000000      0x326 ./src/fpmath.o
 .debug_macro   0x0000000000000326      0x748 ./src/fpmath.o
 .debug_macro   0x0000000000000a6e       0x22 ./src/fpmath.o
 .debug_macro   0x0000000000000a90       0x52 ./src/fpmath.o
 .debug_macro   0x0000000000000ae2       0x19 ./src/fpmath.o
 .debug_macro   0x0000000000000afb       0x94 ./src/fpmath.o
 .debug_macro   0x0000000000000b8f       0x34 ./src/fpmath.o
 .debug_macro   0x0000000000000bc3       0x34 ./src/fpmath.o
 .debug_macro   0x0000000000000bf7       0x16 ./src/fpmath.o
 .debug_macro   0x0000000000000c0d       0x57 ./src/fpmath.o
 .debug_macro   0x0000000000000c64       0x97 ./src/fpmath.o
 .debug_macro   0x0000000000000cfb      0x330 ./src/fpmath.o
 .debug_macro   0x000000000000102b       0xfd ./src/fpmath.o
 .debug_macro   0x0000000000001128       0x10 ./src/fpmath.o
 .debug_macro   0x0000000000001138       0x58 ./src/fpmath.o
 .debug_macro   0x0000000000001190       0x1f ./src/fpmath.o
 .debug_macro   0x00000000000011af       0x43 ./src/fpmath.o
 .debug_macro   0x00000000000011f2       0x20 ./src/fpmath.o
 .debug_macro   0x0000000000001212      0x18e ./src/fpmath.o
 .debug_macro   0x00000000000013a0       0x10 ./src/fpmath.o
 .debug_macro   0x00000000000013b0       0x6a ./src/fpmath.o
 .debug_macro   0x000000000000141a       0x1c ./src/fpmath.o
 .debug_macro   0x0000000000001436       0x52 ./src/fpmath.o
 .debug_macro   0x0000000000001488       0x40 ./src/fpmath.o
 .debug_macro   0x00000000000014c8       0x10 ./src/fpmath.o
 .debug_macro   0x00000000000014d8       0x40 ./src/fpmath.o
 .debug_macro   0x0000000000001518       0xd7 ./src/fpmath.o
 .debug_macro   0x00000000000015ef       0x1c ./src/fpmath.o
 .debug_macro   0x000000000000160b       0x3d ./src/fpmath.o
 .debug_macro   0x0000000000001648       0x16 ./src/fpmath.o
 .debug_macro   0x000000000000165e      0x16f ./src/fpmath.o
 .debug_macro   0x00000000000017cd       0x22 ./src/fpmath.o
 .debug_macro   0x00000000000017ef       0xef ./src/fpmath.o
 .debug_macro   0x00000000000018de      0x1df ./src/fpmath.o
 .debug_macro   0x0000000000001abd      0x162 ./src/fpmath.o
 .debug_macro   0x0000000000001c1f       0x8e ./src/fpmath.o
 .debug_macro   0x0000000000001cad       0x6a ./src/fpmath.o
 .debug_macro   0x0000000000001d17       0x28 ./src/fpmath.o
 .debug_macro   0x0000000000001d3f       0xf5 ./src/fpmath.o
 .debug_macro   0x0000000000001e34       0x16 ./src/fpmath.o
 .debug_macro   0x0000000000001e4a      0x224 ./src/fpmath.o
 .debug_macro   0x000000000000206e       0xf4 ./src/fpmath.o
 .debug_macro   0x0000000000002162       0xdc ./src/fpmath.o
 .debug_macro   0x000000000000223e       0x58 ./src/fpmath.o
 .debug_macro   0x0000000000002296       0x70 ./src/fpmath.o
 .debug_macro   0x0000000000002306       0x16 ./src/fpmath.o
 .debug_macro   0x000000000000231c       0x22 ./src/fpmath.o
 .debug_macro   0x000000000000233e       0x10 ./src/fpmath.o
 .debug_macro   0x000000000000234e       0xee ./src/fpmath.o
 .debug_macro   0x000000000000243c       0x4c ./src/fpmath.o
 .debug_macro   0x0000000000002488       0x16 ./src/fpmath.o
 .debug_macro   0x000000000000249e       0x7a ./driver_library/libs/sys_lib/src/drv_clock.o
 .debug_macro   0x0000000000002518       0x8e ./driver_library/libs/sys_lib/src/drv_clock.o
 .debug_macro   0x00000000000025a6       0x51 ./driver_library/libs/sys_lib/src/drv_clock.o
 .debug_macro   0x00000000000025f7      0x174 ./driver_library/libs/sys_lib/src/drv_clock.o
 .debug_macro   0x000000000000276b       0x8e ./driver_library/libs/sys_lib/src/drv_clockcal.o
 .debug_macro   0x00000000000027f9       0xac ./driver_library/libs/sys_lib/src/drv_console.o
 .debug_macro   0x00000000000028a5       0x8d ./driver_library/libs/sys_lib/src/drv_eflash.o
 .debug_macro   0x0000000000002932       0x8d ./driver_library/libs/sys_lib/src/drv_gpio.o
 .debug_macro   0x00000000000029bf       0xb3 ./driver_library/libs/sys_lib/src/drv_uart.o
 .debug_macro   0x0000000000002a72      0x1d9 ./driver_library/libs/sys_lib/src/irq.o
 .debug_macro   0x0000000000002c4b       0x10 ./driver_library/libs/sys_lib/src/irq.o
 .debug_macro   0x0000000000002c5b       0xfc ./driver_library/libs/sys_lib/src/system_proton.o
 .debug_macro   0x0000000000002d57      0x1dd ./driver_library/libs/sys_lib/src/utils.o
 .debug_macro   0x0000000000002f34       0x58 ./driver_library/libs/sys_lib/src/utils.o
 .debug_macro   0x0000000000002f8c       0xd8 ./driver_library/libs/string_lib/src/qprintf.o
 .debug_macro   0x0000000000003064       0x58 ./driver_library/libs/string_lib/src/qprintf.o

.debug_line     0x0000000000000000     0x8987
 .debug_line    0x0000000000000000     0x1284 ./src/fpmath.o
 .debug_line    0x0000000000001284      0x503 ./driver_library/libs/sys_lib/src/drv_clock.o
 .debug_line    0x0000000000001787      0x572 ./driver_library/libs/sys_lib/src/drv_clockcal.o
 .debug_line    0x0000000000001cf9      0x474 ./driver_library/libs/sys_lib/src/drv_console.o
 .debug_line    0x000000000000216d     0x184b ./driver_library/libs/sys_lib/src/drv_eflash.o
 .debug_line    0x00000000000039b8      0xdfd ./driver_library/libs/sys_lib/src/drv_gpio.o
 .debug_line    0x00000000000047b5      0xf78 ./driver_library/libs/sys_lib/src/drv_uart.o
 .debug_line    0x000000000000572d      0x91c ./driver_library/libs/sys_lib/src/irq.o
 .debug_line    0x0000000000006049      0x656 ./driver_library/libs/sys_lib/src/system_proton.o
 .debug_line    0x000000000000669f      0x775 ./driver_library/libs/sys_lib/src/utils.o
 .debug_line    0x0000000000006e14     0x1769 ./driver_library/libs/string_lib/src/qprintf.o
 .debug_line    0x000000000000857d      0x40a ./driver_library/gcc/crt0.riscv.o

.debug_str      0x0000000000000000     0xb87b
 .debug_str     0x0000000000000000     0xa93e ./src/fpmath.o
                                       0xabb0 (size before relaxing)
 .debug_str     0x000000000000a93e      0x196 ./driver_library/libs/sys_lib/src/drv_clock.o
                                       0x425f (size before relaxing)
 .debug_str     0x000000000000aad4       0xd3 ./driver_library/libs/sys_lib/src/drv_clockcal.o
                                       0x42e8 (size before relaxing)
 .debug_str     0x000000000000aba7      0x19e ./driver_library/libs/sys_lib/src/drv_console.o
                                       0x50b0 (size before relaxing)
 .debug_str     0x000000000000ad45      0x16a ./driver_library/libs/sys_lib/src/drv_eflash.o
                                       0x41e5 (size before relaxing)
 .debug_str     0x000000000000aeaf      0x1d1 ./driver_library/libs/sys_lib/src/drv_gpio.o
                                       0x4ae6 (size before relaxing)
 .debug_str     0x000000000000b080       0xc4 ./driver_library/libs/sys_lib/src/drv_uart.o
                                       0x5459 (size before relaxing)
 .debug_str     0x000000000000b144      0x2ae ./driver_library/libs/sys_lib/src/irq.o
                                       0x80c0 (size before relaxing)
 .debug_str     0x000000000000b3f2      0x13f ./driver_library/libs/sys_lib/src/system_proton.o
                                       0x587d (size before relaxing)
 .debug_str     0x000000000000b531       0x6f ./driver_library/libs/sys_lib/src/utils.o
                                       0x8749 (size before relaxing)
 .debug_str     0x000000000000b5a0      0x29c ./driver_library/libs/string_lib/src/qprintf.o
                                       0x4844 (size before relaxing)
 .debug_str     0x000000000000b83c       0x3f ./driver_library/gcc/crt0.riscv.o
                                         0x5f (size before relaxing)

.comment        0x0000000000000000       0x39
 .comment       0x0000000000000000       0x39 ./src/fpmath.o
                                         0x3a (size before relaxing)
 .comment       0x0000000000000039       0x3a ./driver_library/libs/sys_lib/src/drv_clock.o
 .comment       0x0000000000000039       0x3a ./driver_library/libs/sys_lib/src/drv_clockcal.o
 .comment       0x0000000000000039       0x3a ./driver_library/libs/sys_lib/src/drv_console.o
 .comment       0x0000000000000039       0x3a ./driver_library/libs/sys_lib/src/drv_eflash.o
 .comment       0x0000000000000039       0x3a ./driver_library/libs/sys_lib/src/drv_gpio.o
 .comment       0x0000000000000039       0x3a ./driver_library/libs/sys_lib/src/drv_uart.o
 .comment       0x0000000000000039       0x3a ./driver_library/libs/sys_lib/src/irq.o
 .comment       0x0000000000000039       0x3a ./driver_library/libs/sys_lib/src/system_proton.o
 .comment       0x0000000000000039       0x3a ./driver_library/libs/sys_lib/src/utils.o
 .comment       0x0000000000000039       0x3a ./driver_library/libs/string_lib/src/qprintf.o

.debug_frame    0x0000000000000000      0xb9c
 .debug_frame   0x0000000000000000      0x1c4 ./src/fpmath.o
 .debug_frame   0x00000000000001c4       0x80 ./driver_library/libs/sys_lib/src/drv_clock.o
 .debug_frame   0x0000000000000244       0x70 ./driver_library/libs/sys_lib/src/drv_clockcal.o
 .debug_frame   0x00000000000002b4       0x88 ./driver_library/libs/sys_lib/src/drv_console.o
 .debug_frame   0x000000000000033c      0x148 ./driver_library/libs/sys_lib/src/drv_eflash.o
 .debug_frame   0x0000000000000484       0xe0 ./driver_library/libs/sys_lib/src/drv_gpio.o
 .debug_frame   0x0000000000000564      0x104 ./driver_library/libs/sys_lib/src/drv_uart.o
 .debug_frame   0x0000000000000668      0x210 ./driver_library/libs/sys_lib/src/irq.o
 .debug_frame   0x0000000000000878       0x4c ./driver_library/libs/sys_lib/src/system_proton.o
 .debug_frame   0x00000000000008c4       0x74 ./driver_library/libs/sys_lib/src/utils.o
 .debug_frame   0x0000000000000938      0x134 ./driver_library/libs/string_lib/src/qprintf.o
 .debug_frame   0x0000000000000a6c       0x3c d:/corelinkide/gnu mcu eclipse/risc-v embedded gcc/8.2.0-2.2-20190521-0004/bin/../lib/gcc/riscv-none-embed/8.2.0/../../../../riscv-none-embed/lib/rv32im/ilp32\libc.a(lib_a-init.o)
 .debug_frame   0x0000000000000aa8       0x20 d:/corelinkide/gnu mcu eclipse/risc-v embedded gcc/8.2.0-2.2-20190521-0004/bin/../lib/gcc/riscv-none-embed/8.2.0/../../../../riscv-none-embed/lib/rv32im/ilp32\libc.a(lib_a-memcpy.o)
 .debug_frame   0x0000000000000ac8       0x54 d:/corelinkide/gnu mcu eclipse/risc-v embedded gcc/8.2.0-2.2-20190521-0004/bin/../lib/gcc/riscv-none-embed/8.2.0/rv32im/ilp32\libgcc.a(muldf3.o)
 .debug_frame   0x0000000000000b1c       0x20 d:/corelinkide/gnu mcu eclipse/risc-v embedded gcc/8.2.0-2.2-20190521-0004/bin/../lib/gcc/riscv-none-embed/8.2.0/rv32im/ilp32\libgcc.a(fixunsdfsi.o)
 .debug_frame   0x0000000000000b3c       0x40 d:/corelinkide/gnu mcu eclipse/risc-v embedded gcc/8.2.0-2.2-20190521-0004/bin/../lib/gcc/riscv-none-embed/8.2.0/rv32im/ilp32\libgcc.a(floatdidf.o)
 .debug_frame   0x0000000000000b7c       0x20 d:/corelinkide/gnu mcu eclipse/risc-v embedded gcc/8.2.0-2.2-20190521-0004/bin/../lib/gcc/riscv-none-embed/8.2.0/rv32im/ilp32\libgcc.a(_clzsi2.o)
