Archive member included to satisfy reference by file (symbol)

d:/corelinkide/gnu mcu eclipse/risc-v embedded gcc/8.2.0-2.2-20190521-0004/bin/../lib/gcc/riscv-none-embed/8.2.0/../../../../riscv-none-embed/lib/rv32im/ilp32\libc.a(lib_a-init.o)
                              ./driver_library/gcc/crt0.riscv.o (__libc_init_array)
d:/corelinkide/gnu mcu eclipse/risc-v embedded gcc/8.2.0-2.2-20190521-0004/bin/../lib/gcc/riscv-none-embed/8.2.0/../../../../riscv-none-embed/lib/rv32im/ilp32\libc.a(lib_a-memcpy.o)
                              ./driver_library/libs/sys_lib/src/drv_adc.o (memcpy)
d:/corelinkide/gnu mcu eclipse/risc-v embedded gcc/8.2.0-2.2-20190521-0004/bin/../lib/gcc/riscv-none-embed/8.2.0/../../../../riscv-none-embed/lib/rv32im/ilp32\libc.a(lib_a-memset.o)
                              ./driver_library/libs/sys_lib/src/drv_adc.o (memset)

Discarded input sections

 .group         0x0000000000000000        0xc ./driver_library/libs/sys_lib/src/drv_adc.o
 .group         0x0000000000000000        0xc ./driver_library/libs/sys_lib/src/drv_adc.o
 .group         0x0000000000000000        0xc ./driver_library/libs/sys_lib/src/drv_adc.o
 .group         0x0000000000000000        0xc ./driver_library/libs/sys_lib/src/drv_adc.o
 .group         0x0000000000000000        0xc ./driver_library/libs/sys_lib/src/drv_adc.o
 .group         0x0000000000000000        0xc ./driver_library/libs/sys_lib/src/drv_adc.o
 .group         0x0000000000000000        0xc ./driver_library/libs/sys_lib/src/drv_adc.o
 .group         0x0000000000000000        0xc ./driver_library/libs/sys_lib/src/drv_adc.o
 .group         0x0000000000000000        0xc ./driver_library/libs/sys_lib/src/drv_adc.o
 .group         0x0000000000000000        0xc ./driver_library/libs/sys_lib/src/drv_adc.o
 .group         0x0000000000000000        0xc ./driver_library/libs/sys_lib/src/drv_adc.o
 .group         0x0000000000000000        0xc ./driver_library/libs/sys_lib/src/drv_adc.o
 .group         0x0000000000000000        0xc ./driver_library/libs/sys_lib/src/drv_adc.o
 .group         0x0000000000000000        0xc ./driver_library/libs/sys_lib/src/drv_adc.o
 .group         0x0000000000000000        0xc ./driver_library/libs/sys_lib/src/drv_adc.o
 .group         0x0000000000000000        0xc ./driver_library/libs/sys_lib/src/drv_adc.o
 .group         0x0000000000000000        0xc ./driver_library/libs/sys_lib/src/drv_adc.o
 .group         0x0000000000000000        0xc ./driver_library/libs/sys_lib/src/drv_adc.o
 .group         0x0000000000000000        0xc ./driver_library/libs/sys_lib/src/drv_adc.o
 .group         0x0000000000000000        0xc ./driver_library/libs/sys_lib/src/drv_adc.o
 .group         0x0000000000000000        0xc ./driver_library/libs/sys_lib/src/drv_adc.o
 .group         0x0000000000000000        0xc ./driver_library/libs/sys_lib/src/drv_adc.o
 .group         0x0000000000000000        0xc ./driver_library/libs/sys_lib/src/drv_adc.o
 .group         0x0000000000000000        0xc ./driver_library/libs/sys_lib/src/drv_adc.o
 .group         0x0000000000000000        0xc ./driver_library/libs/sys_lib/src/drv_adc.o
 .group         0x0000000000000000        0xc ./driver_library/libs/sys_lib/src/drv_adc.o
 .group         0x0000000000000000        0xc ./driver_library/libs/sys_lib/src/drv_adc.o
 .group         0x0000000000000000        0xc ./driver_library/libs/sys_lib/src/drv_adc.o
 .group         0x0000000000000000        0xc ./driver_library/libs/sys_lib/src/drv_adc.o
 .group         0x0000000000000000        0xc ./driver_library/libs/sys_lib/src/drv_adc.o
 .group         0x0000000000000000        0xc ./driver_library/libs/sys_lib/src/drv_adc.o
 .group         0x0000000000000000        0xc ./driver_library/libs/sys_lib/src/drv_adc.o
 .group         0x0000000000000000        0xc ./driver_library/libs/sys_lib/src/drv_adc.o
 .group         0x0000000000000000        0xc ./driver_library/libs/sys_lib/src/drv_adc.o
 .group         0x0000000000000000        0xc ./driver_library/libs/sys_lib/src/drv_adc.o
 .group         0x0000000000000000        0xc ./driver_library/libs/sys_lib/src/drv_adc.o
 .text          0x0000000000000000        0x0 ./driver_library/libs/sys_lib/src/drv_adc.o
 .data          0x0000000000000000        0x0 ./driver_library/libs/sys_lib/src/drv_adc.o
 .bss           0x0000000000000000        0x0 ./driver_library/libs/sys_lib/src/drv_adc.o
 .text.adc_deinit
                0x0000000000000000       0x18 ./driver_library/libs/sys_lib/src/drv_adc.o
 .text.adc_init
                0x0000000000000000       0x16 ./driver_library/libs/sys_lib/src/drv_adc.o
 .text.adc_conf_struct_init
                0x0000000000000000       0x3c ./driver_library/libs/sys_lib/src/drv_adc.o
 .text.adc_set_conf
                0x0000000000000000       0x56 ./driver_library/libs/sys_lib/src/drv_adc.o
 .text.adc_start
                0x0000000000000000       0x20 ./driver_library/libs/sys_lib/src/drv_adc.o
 .text.adc_stop
[...]
Memory Configuration

Name             Origin             Length             Attributes
m_text           0x0000000000000000 0x0000000000008000
m_data           0x0000000000100000 0x0000000000004000
*default*        0x0000000000000000 0xffffffffffffffff

Linker script and memory map

LOAD ./driver_library/libs/sys_lib/src/drv_adc.o
LOAD ./driver_library/libs/sys_lib/src/drv_clock.o
LOAD ./driver_library/libs/sys_lib/src/drv_clockcal.o
LOAD ./driver_library/libs/sys_lib/src/drv_console.o
LOAD ./driver_library/libs/sys_lib/src/drv_eflash.o
LOAD ./driver_library/libs/sys_lib/src/drv_gpio.o
LOAD ./driver_library/libs/sys_lib/src/drv_i2c.o
LOAD ./driver_library/libs/sys_lib/src/drv_power.o
LOAD ./driver_library/libs/sys_lib/src/drv_pwm.o
LOAD ./driver_library/libs/sys_lib/src/drv_rtc.o
LOAD ./driver_library/libs/sys_lib/src/drv_scu.o
LOAD ./driver_library/libs/sys_lib/src/drv_spi.o
LOAD ./driver_library/libs/sys_lib/src/drv_timer.o
LOAD ./driver_library/libs/sys_lib/src/drv_uart.o
LOAD ./driver_library/libs/sys_lib/src/drv_wdt.o
LOAD ./driver_library/libs/sys_lib/src/irq.o
LOAD ./driver_library/libs/sys_lib/src/system_proton.o
LOAD ./driver_library/libs/sys_lib/src/utils.o
LOAD ./driver_library/libs/string_lib/src/qprintf.o
LOAD ./driver_library/gcc/crt0.riscv.o
LOAD ./coremark/core_list_join.o
LOAD ./coremark/core_main.o
LOAD ./coremark/core_matrix.o
LOAD ./coremark/core_portme.o
LOAD ./coremark/core_state.o
LOAD ./coremark/core_util.o
START GROUP
LOAD d:/corelinkide/gnu mcu eclipse/risc-v embedded gcc/8.2.0-2.2-20190521-0004/bin/../lib/gcc/riscv-none-embed/8.2.0/../../../../riscv-none-embed/lib/rv32im/ilp32\libc.a
LOAD d:/corelinkide/gnu mcu eclipse/risc-v embedded gcc/8.2.0-2.2-20190521-0004/bin/../lib/gcc/riscv-none-embed/8.2.0/../../../../riscv-none-embed/lib/rv32im/ilp32\libm.a
LOAD d:/corelinkide/gnu mcu eclipse/risc-v embedded gcc/8.2.0-2.2-20190521-0004/bin/../lib/gcc/riscv-none-embed/8.2.0/../../../../riscv-none-embed/lib/rv32im/ilp32\libgloss.a
LOAD d:/corelinkide/gnu mcu eclipse/risc-v embedded gcc/8.2.0-2.2-20190521-0004/bin/../lib/gcc/riscv-none-embed/8.2.0/rv32im/ilp32\libgcc.a
LOAD d:/corelinkide/gnu mcu eclipse/risc-v embedded gcc/8.2.0-2.2-20190521-0004/bin/../lib/gcc/riscv-none-embed/8.2.0/../../../../riscv-none-embed/lib/rv32im/ilp32\libsupc++.a
END GROUP
                0x0000000000000800                STACK_SIZE = DEFINED (__stack_size__)?__stack_size__:0x800

.vectors        0x0000000000000000       0x8c
                0x0000000000000000                . = ALIGN (0x4)
 *(.vectors)
 .vectors       0x0000000000000000       0x8c ./driver_library/gcc/crt0.riscv.o

.text           0x000000000000008c      0x754
                0x000000000000008c                . = ALIGN (0x4)
                0x000000000000008c                _stext = .
 *(.text)
 .text          0x000000000000008c      0x158 ./driver_library/gcc/crt0.riscv.o
                0x00000000000001e2                _fini
                0x00000000000001e2                _init
                0x00000000000001e4                _etext = .
 *(.rodata)
 *(.rodata.*)
 .rodata.CSWTCH.0
                0x00000000000001e4       0x1c ./driver_library/libs/sys_lib/src/drv_clock.o
 .rodata.gpio_mode_set
                0x0000000000000200       0x20 ./driver_library/libs/sys_lib/src/drv_gpio.o
 .rodata.printf.str1.4
                0x0000000000000220        0x7 ./driver_library/libs/string_lib/src/qprintf.o
 *fill*         0x0000000000000227        0x1 
 .rodata.list_known_crc
                0x0000000000000228        0xa ./coremark/core_main.o
 *fill*         0x0000000000000232        0x2 
 .rodata.main.str1.4
                0x0000000000000234      0x44b ./coremark/core_main.o
 *fill*         0x000000000000067f        0x1 
 .rodata.matrix_known_crc
                0x0000000000000680        0xa ./coremark/core_main.o
 *fill*         0x000000000000068a        0x2 
 .rodata.state_known_crc
                0x000000000000068c        0xa ./coremark/core_main.o
 *fill*         0x0000000000000696        0x2 
 .rodata.portable_init.str1.4
                0x0000000000000698       0x19 ./coremark/core_portme.o
 *fill*         0x00000000000006b1        0x3 
 .rodata.core_init_state
                0x00000000000006b4       0x14 ./coremark/core_state.o
 .rodata.errpat
                0x00000000000006c8       0x10 ./coremark/core_state.o
 .rodata.floatpat
                0x00000000000006d8       0x10 ./coremark/core_state.o
 .rodata.intpat
                0x00000000000006e8       0x10 ./coremark/core_state.o
 .rodata.scipat
                0x00000000000006f8       0x10 ./coremark/core_state.o
 .rodata.str1.4
                0x0000000000000708       0xb0 ./coremark/core_state.o
                                         0xad (size before relaxing)
 .rodata.get_seed_32
                0x00000000000007b8       0x18 ./coremark/core_util.o
                0x00000000000007d0                __CTOR_LIST__ = .
                0x00000000000007d0        0x4 LONG 0x0 (((__CTOR_END__ - __CTOR_LIST__) / 0x4) - 0x2)
 *(.ctors)
                0x00000000000007d4        0x4 LONG 0x0
                0x00000000000007d8                __CTOR_END__ = .
                0x00000000000007d8                __DTOR_LIST__ = .
                0x00000000000007d8        0x4 LONG 0x0 (((__DTOR_END__ - __DTOR_LIST__) / 0x4) - 0x2)
 *(.dtors)
                0x00000000000007dc        0x4 LONG 0x0
                0x00000000000007e0                __DTOR_END__ = .
 *(.lit)
 *(.shdata)
                0x00000000000007e0                . = ALIGN (0x4)
                0x00000000000007e0                __fsymtab_start = .
 *(FSymTab)
                0x00000000000007e0                __fsymtab_end = .
                0x00000000000007e0                . = ALIGN (0x4)
                0x00000000000007e0                __vsymtab_start = .
 *(VSymTab)
                0x00000000000007e0                __vsymtab_end = .
                0x00000000000007e0                . = ALIGN (0x4)
                0x00000000000007e0                . = ALIGN (0x4)
                0x00000000000007e0                __rt_init_start = .
 *(SORT_BY_NAME(.rti_fn*))
                0x00000000000007e0                __rt_init_end = .
                0x00000000000007e0                . = ALIGN (0x4)
                0x00000000000007e0                _endtext = .

.text.system_clock_set
                0x00000000000007e0       0x16
 .text.system_clock_set
                0x00000000000007e0       0x16 ./driver_library/libs/sys_lib/src/drv_clock.o
                0x00000000000007e0                system_clock_set

.text.system_clock_get
                0x00000000000007f6       0x26
 .text.system_clock_get
                0x00000000000007f6       0x26 ./driver_library/libs/sys_lib/src/drv_clock.o
                0x00000000000007f6                system_clock_get

.text.lf_clock_select
                0x000000000000081c       0x16
 .text.lf_clock_select
                0x000000000000081c       0x16 ./driver_library/libs/sys_lib/src/drv_clock.o
                0x000000000000081c                lf_clock_select

.text.ext_clock_enable
                0x0000000000000832       0x1e
 .text.ext_clock_enable
                0x0000000000000832       0x1e ./driver_library/libs/sys_lib/src/drv_clock.o
                0x0000000000000832                ext_clock_enable

.text.clockcal_calibrate
                0x0000000000000850       0x32
 .text.clockcal_calibrate
                0x0000000000000850       0x32 ./driver_library/libs/sys_lib/src/drv_clockcal.o
                0x0000000000000850                clockcal_calibrate

.text.clockcal_read_factor_register
                0x0000000000000882       0x1a
 .text.clockcal_read_factor_register
                0x0000000000000882       0x1a ./driver_library/libs/sys_lib/src/drv_clockcal.o
                0x0000000000000882                clockcal_read_factor_register

.text.clockcal_write_factor_register
                0x000000000000089c       0x32
 .text.clockcal_write_factor_register
                0x000000000000089c       0x32 ./driver_library/libs/sys_lib/src/drv_clockcal.o
                0x000000000000089c                clockcal_write_factor_register

.text.console_init
                0x00000000000008ce       0x50
 .text.console_init
                0x00000000000008ce       0x50 ./driver_library/libs/sys_lib/src/drv_console.o
                0x00000000000008ce                console_init

.text.console_send_char
                0x000000000000091e       0x20
 .text.console_send_char
                0x000000000000091e       0x20 ./driver_library/libs/sys_lib/src/drv_console.o
                0x000000000000091e                console_send_char

.text.eflash_erase_page
                0x000000000000093e       0x6e
 .text.eflash_erase_page
                0x000000000000093e       0x6e ./driver_library/libs/sys_lib/src/drv_eflash.o
                0x000000000000093e                eflash_erase_page

.text.eflash_program_word
                0x00000000000009ac       0x5c
 .text.eflash_program_word
                0x00000000000009ac       0x5c ./driver_library/libs/sys_lib/src/drv_eflash.o
                0x00000000000009ac                eflash_program_word

.text.eflash_read_word
                0x0000000000000a08       0x5c
 .text.eflash_read_word
                0x0000000000000a08       0x5c ./driver_library/libs/sys_lib/src/drv_eflash.o
                0x0000000000000a08                eflash_read_word

.text.gpio_func_set
                0x0000000000000a64       0x48
 .text.gpio_func_set
                0x0000000000000a64       0x48 ./driver_library/libs/sys_lib/src/drv_gpio.o
                0x0000000000000a64                gpio_func_set

.text.gpio_mode_set
                0x0000000000000aac      0x1c8
 .text.gpio_mode_set
                0x0000000000000aac      0x1c8 ./driver_library/libs/sys_lib/src/drv_gpio.o
                0x0000000000000aac                gpio_mode_set

.text.timer_init
                0x0000000000000c74       0x1e
 .text.timer_init
                0x0000000000000c74       0x1e ./driver_library/libs/sys_lib/src/drv_timer.o
                0x0000000000000c74                timer_init

.text.timer_int_enable
                0x0000000000000c92       0x72
 .text.timer_int_enable
                0x0000000000000c92       0x72 ./driver_library/libs/sys_lib/src/drv_timer.o
                0x0000000000000c92                timer_int_enable

.text.timer_set_prescaler
                0x0000000000000d04       0x1e
 .text.timer_set_prescaler
                0x0000000000000d04       0x1e ./driver_library/libs/sys_lib/src/drv_timer.o
                0x0000000000000d04                timer_set_prescaler

.text.timer_start
                0x0000000000000d22       0x14
 .text.timer_start
                0x0000000000000d22       0x14 ./driver_library/libs/sys_lib/src/drv_timer.o
                0x0000000000000d22                timer_start

.text.timer_set_output_cmp
                0x0000000000000d36        0xc
 .text.timer_set_output_cmp
                0x0000000000000d36        0xc ./driver_library/libs/sys_lib/src/drv_timer.o
                0x0000000000000d36                timer_set_output_cmp

.text.uartx_set_conf
                0x0000000000000d42       0x66
 .text.uartx_set_conf
                0x0000000000000d42       0x66 ./driver_library/libs/sys_lib/src/drv_uart.o
                0x0000000000000d42                uartx_set_conf

.text.uartx_int_enable
                0x0000000000000da8       0x94
 .text.uartx_int_enable
                0x0000000000000da8       0x94 ./driver_library/libs/sys_lib/src/drv_uart.o
                0x0000000000000da8                uartx_int_enable

.text.uartx_send_char
                0x0000000000000e3c       0x14
 .text.uartx_send_char
                0x0000000000000e3c       0x14 ./driver_library/libs/sys_lib/src/drv_uart.o
                0x0000000000000e3c                uartx_send_char

.text.uartx_wait_tx_done
                0x0000000000000e50       0x12
 .text.uartx_wait_tx_done
                0x0000000000000e50       0x12 ./driver_library/libs/sys_lib/src/drv_uart.o
                0x0000000000000e50                uartx_wait_tx_done

.text.default_irq_handler
                0x0000000000000e62        0x2
 .text.default_irq_handler
                0x0000000000000e62        0x2 ./driver_library/libs/sys_lib/src/irq.o
                0x0000000000000e62                default_irq_handler

.text.I2C5_IRQ_handler
                0x0000000000000e64        0x2
 .text.I2C5_IRQ_handler
                0x0000000000000e64        0x2 ./driver_library/libs/sys_lib/src/irq.o
                0x0000000000000e64                I2C5_IRQ_handler

.text.I2C4_IRQ_handler
                0x0000000000000e66        0x2
 .text.I2C4_IRQ_handler
                0x0000000000000e66        0x2 ./driver_library/libs/sys_lib/src/irq.o
                0x0000000000000e66                I2C4_IRQ_handler

.text.I2C3_IRQ_handler
                0x0000000000000e68        0x2
 .text.I2C3_IRQ_handler
                0x0000000000000e68        0x2 ./driver_library/libs/sys_lib/src/irq.o
                0x0000000000000e68                I2C3_IRQ_handler

.text.I2C2_IRQ_handler
                0x0000000000000e6a        0x2
 .text.I2C2_IRQ_handler
                0x0000000000000e6a        0x2 ./driver_library/libs/sys_lib/src/irq.o
                0x0000000000000e6a                I2C2_IRQ_handler

.text.I2C1_IRQ_handler
                0x0000000000000e6c        0x2
 .text.I2C1_IRQ_handler
                0x0000000000000e6c        0x2 ./driver_library/libs/sys_lib/src/irq.o
                0x0000000000000e6c                I2C1_IRQ_handler

.text.I2C0_IRQ_handler
                0x0000000000000e6e        0x2
 .text.I2C0_IRQ_handler
                0x0000000000000e6e        0x2 ./driver_library/libs/sys_lib/src/irq.o
                0x0000000000000e6e                I2C0_IRQ_handler

.text.ADCH_IRQ_handler
                0x0000000000000e70        0x2
 .text.ADCH_IRQ_handler
                0x0000000000000e70        0x2 ./driver_library/libs/sys_lib/src/irq.o
                0x0000000000000e70                ADCH_IRQ_handler

.text.ADCF_IRQ_handler
                0x0000000000000e72        0x2
 .text.ADCF_IRQ_handler
                0x0000000000000e72        0x2 ./driver_library/libs/sys_lib/src/irq.o
                0x0000000000000e72                ADCF_IRQ_handler

.text.RTC_IRQ_handler
                0x0000000000000e74        0x2
 .text.RTC_IRQ_handler
                0x0000000000000e74        0x2 ./driver_library/libs/sys_lib/src/irq.o
                0x0000000000000e74                RTC_IRQ_handler

.text.CAL32M_IRQ_handler
                0x0000000000000e76        0x2
 .text.CAL32M_IRQ_handler
                0x0000000000000e76        0x2 ./driver_library/libs/sys_lib/src/irq.o
                0x0000000000000e76                CAL32M_IRQ_handler

.text.CAL32K_IRQ_handler
                0x0000000000000e78        0x2
 .text.CAL32K_IRQ_handler
                0x0000000000000e78        0x2 ./driver_library/libs/sys_lib/src/irq.o
                0x0000000000000e78                CAL32K_IRQ_handler

.text.UART5_IRQ_handler
                0x0000000000000e7a        0x2
 .text.UART5_IRQ_handler
                0x0000000000000e7a        0x2 ./driver_library/libs/sys_lib/src/irq.o
                0x0000000000000e7a                UART5_IRQ_handler

.text.UART4_IRQ_handler
                0x0000000000000e7c        0x2
 .text.UART4_IRQ_handler
                0x0000000000000e7c        0x2 ./driver_library/libs/sys_lib/src/irq.o
                0x0000000000000e7c                UART4_IRQ_handler

.text.UART3_IRQ_handler
                0x0000000000000e7e        0x2
 .text.UART3_IRQ_handler
                0x0000000000000e7e        0x2 ./driver_library/libs/sys_lib/src/irq.o
                0x0000000000000e7e                UART3_IRQ_handler

.text.UART2_IRQ_handler
                0x0000000000000e80        0x2
 .text.UART2_IRQ_handler
                0x0000000000000e80        0x2 ./driver_library/libs/sys_lib/src/irq.o
                0x0000000000000e80                UART2_IRQ_handler

.text.UART1_IRQ_handler
                0x0000000000000e82        0x2
 .text.UART1_IRQ_handler
                0x0000000000000e82        0x2 ./driver_library/libs/sys_lib/src/irq.o
                0x0000000000000e82                UART1_IRQ_handler

.text.UART0_IRQ_handler
                0x0000000000000e84        0x2
 .text.UART0_IRQ_handler
                0x0000000000000e84        0x2 ./driver_library/libs/sys_lib/src/irq.o
                0x0000000000000e84                UART0_IRQ_handler

.text.GPIO_IRQ_handler
                0x0000000000000e86        0x2
 .text.GPIO_IRQ_handler
                0x0000000000000e86        0x2 ./driver_library/libs/sys_lib/src/irq.o
                0x0000000000000e86                GPIO_IRQ_handler

.text.SPIM1A_IRQ_handler
                0x0000000000000e88        0x2
 .text.SPIM1A_IRQ_handler
                0x0000000000000e88        0x2 ./driver_library/libs/sys_lib/src/irq.o
                0x0000000000000e88                SPIM1A_IRQ_handler

.text.SPIM1B_IRQ_handler
                0x0000000000000e8a        0x2
 .text.SPIM1B_IRQ_handler
                0x0000000000000e8a        0x2 ./driver_library/libs/sys_lib/src/irq.o
                0x0000000000000e8a                SPIM1B_IRQ_handler

.text.SPIM0A_IRQ_handler
                0x0000000000000e8c        0x2
 .text.SPIM0A_IRQ_handler
                0x0000000000000e8c        0x2 ./driver_library/libs/sys_lib/src/irq.o
                0x0000000000000e8c                SPIM0A_IRQ_handler

.text.SPIM0B_IRQ_handler
                0x0000000000000e8e        0x2
 .text.SPIM0B_IRQ_handler
                0x0000000000000e8e        0x2 ./driver_library/libs/sys_lib/src/irq.o
                0x0000000000000e8e                SPIM0B_IRQ_handler

.text.TIMER0_IRQ_handler
                0x0000000000000e90        0x2
 .text.TIMER0_IRQ_handler
                0x0000000000000e90        0x2 ./driver_library/libs/sys_lib/src/irq.o
                0x0000000000000e90                TIMER0_IRQ_handler

.text.TIMER1_IRQ_handler
                0x0000000000000e92        0x2
 .text.TIMER1_IRQ_handler
                0x0000000000000e92        0x2 ./driver_library/libs/sys_lib/src/irq.o
                0x0000000000000e92                TIMER1_IRQ_handler

.text.TIMER2_IRQ_handler
                0x0000000000000e94        0x2
 .text.TIMER2_IRQ_handler
                0x0000000000000e94        0x2 ./driver_library/libs/sys_lib/src/irq.o
                0x0000000000000e94                TIMER2_IRQ_handler

.text.TIMER3_IRQ_handler
                0x0000000000000e96        0x2
 .text.TIMER3_IRQ_handler
                0x0000000000000e96        0x2 ./driver_library/libs/sys_lib/src/irq.o
                0x0000000000000e96                TIMER3_IRQ_handler

.text.illegal_insn_handler_c
                0x0000000000000e98        0x2
 .text.illegal_insn_handler_c
                0x0000000000000e98        0x2 ./driver_library/libs/sys_lib/src/irq.o
                0x0000000000000e98                illegal_insn_handler_c

.text.ecall_insn_handler_c
                0x0000000000000e9a        0x2
 .text.ecall_insn_handler_c
                0x0000000000000e9a        0x2 ./driver_library/libs/sys_lib/src/irq.o
                0x0000000000000e9a                ecall_insn_handler_c

.text.request_irq
                0x0000000000000e9c       0x22
 .text.request_irq
                0x0000000000000e9c       0x22 ./driver_library/libs/sys_lib/src/irq.o
                0x0000000000000e9c                request_irq

.text.system_irq_handler
                0x0000000000000ebe       0x1a
 .text.system_irq_handler
                0x0000000000000ebe       0x1a ./driver_library/libs/sys_lib/src/irq.o
                0x0000000000000ebe                system_irq_handler

.text.system_init_hook
                0x0000000000000ed8      0x10a
 .text.system_init_hook
                0x0000000000000ed8      0x10a ./driver_library/libs/sys_lib/src/system_proton.o
                0x0000000000000ed8                system_init_hook

.text.system_init
                0x0000000000000fe2       0x5c
 .text.system_init
                0x0000000000000fe2       0x5c ./driver_library/libs/sys_lib/src/system_proton.o
                0x0000000000000fe2                system_init

.text.exit      0x000000000000103e       0x12
 .text.exit     0x000000000000103e       0x12 ./driver_library/libs/sys_lib/src/utils.o
                0x000000000000103e                exit

.text.qprinti.constprop.1
                0x0000000000001050      0x2bc
 .text.qprinti.constprop.1
                0x0000000000001050      0x2bc ./driver_library/libs/string_lib/src/qprintf.o

.text.printf    0x000000000000130c      0x354
 .text.printf   0x000000000000130c      0x354 ./driver_library/libs/string_lib/src/qprintf.o
                0x000000000000130c                printf

.text.core_bench_list
                0x0000000000001660      0x498
 .text.core_bench_list
                0x0000000000001660      0x498 ./coremark/core_list_join.o
                0x0000000000001660                core_bench_list

.text.core_list_init
                0x0000000000001af8      0x1d2
 .text.core_list_init
                0x0000000000001af8      0x1d2 ./coremark/core_list_join.o
                0x0000000000001af8                core_list_init

.text.iterate   0x0000000000001cca       0x66
 .text.iterate  0x0000000000001cca       0x66 ./coremark/core_main.o
                0x0000000000001cca                iterate

.text.startup.main
                0x0000000000001d30      0x5c6
 .text.startup.main
                0x0000000000001d30      0x5c6 ./coremark/core_main.o
                0x0000000000001d30                main

.text.matrix_test
                0x00000000000022f6      0x336
 .text.matrix_test
                0x00000000000022f6      0x336 ./coremark/core_matrix.o
                0x00000000000022f6                matrix_test

.text.core_bench_matrix
                0x000000000000262c       0x20
 .text.core_bench_matrix
                0x000000000000262c       0x20 ./coremark/core_matrix.o
                0x000000000000262c                core_bench_matrix

.text.core_init_matrix
                0x000000000000264c       0xbc
 .text.core_init_matrix
                0x000000000000264c       0xbc ./coremark/core_matrix.o
                0x000000000000264c                core_init_matrix

.text.timer1_irq_handler
                0x0000000000002708       0x1c
 .text.timer1_irq_handler
                0x0000000000002708       0x1c ./coremark/core_portme.o
                0x0000000000002708                timer1_irq_handler

.text.portable_init
                0x0000000000002724       0x66
 .text.portable_init
                0x0000000000002724       0x66 ./coremark/core_portme.o
                0x0000000000002724                portable_init

.text.start_time
                0x000000000000278a       0x1a
 .text.start_time
                0x000000000000278a       0x1a ./coremark/core_portme.o
                0x000000000000278a                start_time

.text.stop_time
                0x00000000000027a4       0x1a
 .text.stop_time
                0x00000000000027a4       0x1a ./coremark/core_portme.o
                0x00000000000027a4                stop_time

.text.get_time  0x00000000000027be       0x28
 .text.get_time
                0x00000000000027be       0x28 ./coremark/core_portme.o
                0x00000000000027be                get_time

.text.time_in_secs
                0x00000000000027e6        0xa
 .text.time_in_secs
                0x00000000000027e6        0xa ./coremark/core_portme.o
                0x00000000000027e6                time_in_secs

.text.core_init_state
                0x00000000000027f0      0x1c6
 .text.core_init_state
                0x00000000000027f0      0x1c6 ./coremark/core_state.o
                0x00000000000027f0                core_init_state

.text.core_state_transition
                0x00000000000029b6      0x24e
 .text.core_state_transition
                0x00000000000029b6      0x24e ./coremark/core_state.o
                0x00000000000029b6                core_state_transition

.text.core_bench_state
                0x0000000000002c04      0x144
 .text.core_bench_state
                0x0000000000002c04      0x144 ./coremark/core_state.o
                0x0000000000002c04                core_bench_state

.text.get_seed_32
                0x0000000000002d48       0x54
 .text.get_seed_32
                0x0000000000002d48       0x54 ./coremark/core_util.o
                0x0000000000002d48                get_seed_32

.text.crcu16    0x0000000000002d9c      0x16e
 .text.crcu16   0x0000000000002d9c      0x16e ./coremark/core_util.o
                0x0000000000002d9c                crcu16

.text.crcu32    0x0000000000002f0a      0x2e8
 .text.crcu32   0x0000000000002f0a      0x2e8 ./coremark/core_util.o
                0x0000000000002f0a                crcu32

.text.crc16     0x00000000000031f2      0x172
 .text.crc16    0x00000000000031f2      0x172 ./coremark/core_util.o
                0x00000000000031f2                crc16

.text.check_data_types
                0x0000000000003364        0x4
 .text.check_data_types
                0x0000000000003364        0x4 ./coremark/core_util.o
                0x0000000000003364                check_data_types

.text.__libc_init_array
                0x0000000000003368       0x98
 .text.__libc_init_array
                0x0000000000003368       0x98 d:/corelinkide/gnu mcu eclipse/risc-v embedded gcc/8.2.0-2.2-20190521-0004/bin/../lib/gcc/riscv-none-embed/8.2.0/../../../../riscv-none-embed/lib/rv32im/ilp32\libc.a(lib_a-init.o)
                0x0000000000003368                __libc_init_array

.sdata2.TIMER1  0x0000000000003400        0x4
 .sdata2.TIMER1
                0x0000000000003400        0x4 ./driver_library/libs/sys_lib/src/drv_timer.o
                0x0000000000003400                TIMER1

.sdata2.UART0   0x0000000000003404        0x4
 .sdata2.UART0  0x0000000000003404        0x4 ./driver_library/libs/sys_lib/src/drv_uart.o
                0x0000000000003404                UART0

.rela.dyn       0x0000000000003408        0x0
 .rela.data.isr_table
                0x0000000000003408        0x0 ./driver_library/libs/sys_lib/src/drv_clock.o
 .rela.text.system_init
                0x0000000000003408        0x0 ./driver_library/libs/sys_lib/src/drv_clock.o
 .rela.text     0x0000000000003408        0x0 ./driver_library/libs/sys_lib/src/drv_clock.o
 .rela.text.__libc_init_array
                0x0000000000003408        0x0 ./driver_library/libs/sys_lib/src/drv_clock.o

.preinit_array  0x0000000000003408        0x0
                0x0000000000003408                PROVIDE (__preinit_array_start = .)
 *(.preinit_array)
                0x0000000000003408                PROVIDE (__preinit_array_end = .)

.init_array     0x0000000000003408        0x0
                0x0000000000003408                PROVIDE (__init_array_start = .)
 *(SORT_BY_NAME(.init_array.*))
 *(.init_array)
                0x0000000000003408                PROVIDE (__init_array_end = .)

.fini_array     0x0000000000003408        0x0
                [!provide]                        PROVIDE (__fini_array_start = .)
 *(SORT_BY_NAME(.fini_array.*))
 *(.fini_array)
                [!provide]                        PROVIDE (__fini_array_end = .)
                0x0000000000003408                __etext = .
                0x0000000000003408                __global_pointer = .
                0x0000000000003408                __DATA_ROM = .

.data           0x0000000000100000       0x90 load address 0x0000000000003408
                0x0000000000100000                . = ALIGN (0x4)
                0x0000000000100000                __DATA_RAM = .
                0x0000000000100000                __data_start__ = .
                0x0000000000100000                sdata = .
 *(.data)
 *(.data.*)
 .data.isr_table
                0x0000000000100000       0x80 ./driver_library/libs/sys_lib/src/irq.o
 .data.remu10_table
                0x0000000000100080       0x10 ./driver_library/libs/string_lib/src/qprintf.o
                0x0000000000100080                remu10_table
                0x0000000000100090                edata = .
                0x0000000000100090                . = ALIGN (0x4)
                0x0000000000100090                __data_end__ = .

.sdata.seed3_volatile
                0x0000000000100090        0x4 load address 0x0000000000003498
 .sdata.seed3_volatile
                0x0000000000100090        0x4 ./coremark/core_portme.o
                0x0000000000100090                seed3_volatile

.sdata.seed4_volatile
                0x0000000000100094        0x4 load address 0x000000000000349c
 .sdata.seed4_volatile
                0x0000000000100094        0x4 ./coremark/core_portme.o
                0x0000000000100094                seed4_volatile

.stack          0x0000000000100098      0x800 load address 0x00000000000034a0
                0x0000000000100098                . = ALIGN (0x8)
                0x0000000000100098                __StackLimit = .
                0x0000000000100898                . = (. + STACK_SIZE)
 *fill*         0x0000000000100098      0x800 
                0x0000000000100898                __StackTop = .
                0x0000000000100898                __rt_thread_irq_stack_top = .
                0x0000000000100898                __freertos_irq_stack_top = .
                [!provide]                        PROVIDE (__stack = __StackTop)
                0x0000000000100898                __bss_start = .

.bss            0x0000000000100898       0x24 load address 0x0000000000003ca0
                0x0000000000100898                . = ALIGN (0x4)
                0x0000000000100898                __START_BSS = .
                0x0000000000100898                __bss_start__ = .
 *(.bss)
 *(.bss.*)
 *(.sbss)
 *(.sbss.*)
 .sbss.seed1_volatile
                0x0000000000100898        0x4 ./coremark/core_portme.o
                0x0000000000100898                seed1_volatile
 .sbss.seed2_volatile
                0x000000000010089c        0x4 ./coremark/core_portme.o
                0x000000000010089c                seed2_volatile
 .sbss.seed5_volatile
                0x00000000001008a0        0x4 ./coremark/core_portme.o
                0x00000000001008a0                seed5_volatile
 *fill*         0x00000000001008a4        0x4 
 .sbss.t0       0x00000000001008a8        0x8 ./coremark/core_portme.o
 .sbss.t1       0x00000000001008b0        0x8 ./coremark/core_portme.o
 .sbss.tick_count
                0x00000000001008b8        0x4 ./coremark/core_portme.o
                0x00000000001008b8                tick_count
 *(COMMON)
                0x00000000001008bc                . = ALIGN (0x4)
                0x00000000001008bc                __bss_end__ = .
                0x00000000001008bc                __END_BSS = .
                0x00000000001008bc                __bss_end = .
OUTPUT(coremark.elf elf32-littleriscv)

.debug_info     0x0000000000000000     0xd3d7
 .debug_info    0x0000000000000000      0x249 ./driver_library/libs/sys_lib/src/drv_clock.o
 .debug_info    0x0000000000000249      0x29e ./driver_library/libs/sys_lib/src/drv_clockcal.o
 .debug_info    0x00000000000004e7      0x444 ./driver_library/libs/sys_lib/src/drv_console.o
 .debug_info    0x000000000000092b      0x9ca ./driver_library/libs/sys_lib/src/drv_eflash.o
 .debug_info    0x00000000000012f5      0x45b ./driver_library/libs/sys_lib/src/drv_gpio.o
 .debug_info    0x0000000000001750      0x331 ./driver_library/libs/sys_lib/src/drv_timer.o
 .debug_info    0x0000000000001a81      0x7aa ./driver_library/libs/sys_lib/src/drv_uart.o
 .debug_info    0x000000000000222b      0xbf7 ./driver_library/libs/sys_lib/src/irq.o
 .debug_info    0x0000000000002e22      0x736 ./driver_library/libs/sys_lib/src/system_proton.o
 .debug_info    0x0000000000003558      0xa94 ./driver_library/libs/sys_lib/src/utils.o
 .debug_info    0x0000000000003fec      0xe77 ./driver_library/libs/string_lib/src/qprintf.o
 .debug_info    0x0000000000004e63       0x22 ./driver_library/gcc/crt0.riscv.o
 .debug_info    0x0000000000004e85     0x1ed2 ./coremark/core_list_join.o
 .debug_info    0x0000000000006d57     0x1816 ./coremark/core_main.o
 .debug_info    0x000000000000856d     0x1871 ./coremark/core_matrix.o
 .debug_info    0x0000000000009dde     0x10d3 ./coremark/core_portme.o
 .debug_info    0x000000000000aeb1     0x1243 ./coremark/core_state.o
 .debug_info    0x000000000000c0f4     0x12e3 ./coremark/core_util.o

.debug_abbrev   0x0000000000000000     0x2a92
 .debug_abbrev  0x0000000000000000      0x142 ./driver_library/libs/sys_lib/src/drv_clock.o
 .debug_abbrev  0x0000000000000142      0x15b ./driver_library/libs/sys_lib/src/drv_clockcal.o
 .debug_abbrev  0x000000000000029d      0x189 ./driver_library/libs/sys_lib/src/drv_console.o
 .debug_abbrev  0x0000000000000426      0x21a ./driver_library/libs/sys_lib/src/drv_eflash.o
 .debug_abbrev  0x0000000000000640      0x138 ./driver_library/libs/sys_lib/src/drv_gpio.o
 .debug_abbrev  0x0000000000000778      0x102 ./driver_library/libs/sys_lib/src/drv_timer.o
 .debug_abbrev  0x000000000000087a      0x1b1 ./driver_library/libs/sys_lib/src/drv_uart.o
 .debug_abbrev  0x0000000000000a2b      0x24b ./driver_library/libs/sys_lib/src/irq.o
 .debug_abbrev  0x0000000000000c76      0x1fb ./driver_library/libs/sys_lib/src/system_proton.o
 .debug_abbrev  0x0000000000000e71      0x2ca ./driver_library/libs/sys_lib/src/utils.o
 .debug_abbrev  0x000000000000113b      0x36d ./driver_library/libs/string_lib/src/qprintf.o
 .debug_abbrev  0x00000000000014a8       0x12 ./driver_library/gcc/crt0.riscv.o
 .debug_abbrev  0x00000000000014ba      0x447 ./coremark/core_list_join.o
 .debug_abbrev  0x0000000000001901      0x37d ./coremark/core_main.o
 .debug_abbrev  0x0000000000001c7e      0x3d3 ./coremark/core_matrix.o
 .debug_abbrev  0x0000000000002051      0x311 ./coremark/core_portme.o
 .debug_abbrev  0x0000000000002362      0x3be ./coremark/core_state.o
 .debug_abbrev  0x0000000000002720      0x372 ./coremark/core_util.o

.debug_loc      0x0000000000000000     0x97a5
 .debug_loc     0x0000000000000000       0xab ./driver_library/libs/sys_lib/src/drv_clock.o
 .debug_loc     0x00000000000000ab       0xdd ./driver_library/libs/sys_lib/src/drv_clockcal.o
 .debug_loc     0x0000000000000188       0xa5 ./driver_library/libs/sys_lib/src/drv_console.o
 .debug_loc     0x000000000000022d      0xbfd ./driver_library/libs/sys_lib/src/drv_eflash.o
 .debug_loc     0x0000000000000e2a      0x48c ./driver_library/libs/sys_lib/src/drv_gpio.o
 .debug_loc     0x00000000000012b6      0x41a ./driver_library/libs/sys_lib/src/drv_timer.o
 .debug_loc     0x00000000000016d0      0x68e ./driver_library/libs/sys_lib/src/drv_uart.o
 .debug_loc     0x0000000000001d5e       0x8b ./driver_library/libs/sys_lib/src/irq.o
 .debug_loc     0x0000000000001de9       0xca ./driver_library/libs/sys_lib/src/system_proton.o
 .debug_loc     0x0000000000001eb3      0x22a ./driver_library/libs/sys_lib/src/utils.o
 .debug_loc     0x00000000000020dd     0x1bba ./driver_library/libs/string_lib/src/qprintf.o
 .debug_loc     0x0000000000003c97     0x23b4 ./coremark/core_list_join.o
 .debug_loc     0x000000000000604b      0x5fb ./coremark/core_main.o
 .debug_loc     0x0000000000006646     0x12ca ./coremark/core_matrix.o
 .debug_loc     0x0000000000007910       0xb5 ./coremark/core_portme.o
 .debug_loc     0x00000000000079c5      0xad0 ./coremark/core_state.o
 .debug_loc     0x0000000000008495     0x1310 ./coremark/core_util.o

.debug_aranges  0x0000000000000000      0x660
 .debug_aranges
                0x0000000000000000       0x50 ./driver_library/libs/sys_lib/src/drv_clock.o
 .debug_aranges
                0x0000000000000050       0x40 ./driver_library/libs/sys_lib/src/drv_clockcal.o
 .debug_aranges
                0x0000000000000090       0x38 ./driver_library/libs/sys_lib/src/drv_console.o
 .debug_aranges
                0x00000000000000c8       0x80 ./driver_library/libs/sys_lib/src/drv_eflash.o
 .debug_aranges
                0x0000000000000148       0x80 ./driver_library/libs/sys_lib/src/drv_gpio.o
 .debug_aranges
                0x00000000000001c8       0x70 ./driver_library/libs/sys_lib/src/drv_timer.o
 .debug_aranges
                0x0000000000000238       0x68 ./driver_library/libs/sys_lib/src/drv_uart.o
 .debug_aranges
                0x00000000000002a0      0x118 ./driver_library/libs/sys_lib/src/irq.o
 .debug_aranges
                0x00000000000003b8       0x28 ./driver_library/libs/sys_lib/src/system_proton.o
 .debug_aranges
                0x00000000000003e0       0x40 ./driver_library/libs/sys_lib/src/utils.o
 .debug_aranges
                0x0000000000000420       0x58 ./driver_library/libs/string_lib/src/qprintf.o
 .debug_aranges
                0x0000000000000478       0x28 ./driver_library/gcc/crt0.riscv.o
 .debug_aranges
                0x00000000000004a0       0x78 ./coremark/core_list_join.o
 .debug_aranges
                0x0000000000000518       0x28 ./coremark/core_main.o
 .debug_aranges
                0x0000000000000540       0x60 ./coremark/core_matrix.o
 .debug_aranges
                0x00000000000005a0       0x48 ./coremark/core_portme.o
 .debug_aranges
                0x00000000000005e8       0x30 ./coremark/core_state.o
 .debug_aranges
                0x0000000000000618       0x48 ./coremark/core_util.o

.debug_ranges   0x0000000000000000     0x1398
 .debug_ranges  0x0000000000000000       0x40 ./driver_library/libs/sys_lib/src/drv_clock.o
 .debug_ranges  0x0000000000000040       0x30 ./driver_library/libs/sys_lib/src/drv_clockcal.o
 .debug_ranges  0x0000000000000070       0x28 ./driver_library/libs/sys_lib/src/drv_console.o
 .debug_ranges  0x0000000000000098      0x2a8 ./driver_library/libs/sys_lib/src/drv_eflash.o
 .debug_ranges  0x0000000000000340       0x70 ./driver_library/libs/sys_lib/src/drv_gpio.o
 .debug_ranges  0x00000000000003b0       0x60 ./driver_library/libs/sys_lib/src/drv_timer.o
 .debug_ranges  0x0000000000000410       0x58 ./driver_library/libs/sys_lib/src/drv_uart.o
 .debug_ranges  0x0000000000000468      0x108 ./driver_library/libs/sys_lib/src/irq.o
 .debug_ranges  0x0000000000000570       0x68 ./driver_library/libs/sys_lib/src/system_proton.o
 .debug_ranges  0x00000000000005d8       0x60 ./driver_library/libs/sys_lib/src/utils.o
 .debug_ranges  0x0000000000000638      0x4b0 ./driver_library/libs/string_lib/src/qprintf.o
 .debug_ranges  0x0000000000000ae8       0x20 ./driver_library/gcc/crt0.riscv.o
 .debug_ranges  0x0000000000000b08      0x398 ./coremark/core_list_join.o
 .debug_ranges  0x0000000000000ea0       0x80 ./coremark/core_main.o
 .debug_ranges  0x0000000000000f20      0x1a0 ./coremark/core_matrix.o
 .debug_ranges  0x00000000000010c0       0x38 ./coremark/core_portme.o
 .debug_ranges  0x00000000000010f8      0x130 ./coremark/core_state.o
 .debug_ranges  0x0000000000001228      0x170 ./coremark/core_util.o

.debug_macro    0x0000000000000000     0x2795
 .debug_macro   0x0000000000000000       0x7a ./driver_library/libs/sys_lib/src/drv_clock.o
 .debug_macro   0x000000000000007a       0x8e ./driver_library/libs/sys_lib/src/drv_clock.o
 .debug_macro   0x0000000000000108       0x51 ./driver_library/libs/sys_lib/src/drv_clock.o
 .debug_macro   0x0000000000000159      0x174 ./driver_library/libs/sys_lib/src/drv_clock.o
 .debug_macro   0x00000000000002cd      0x162 ./driver_library/libs/sys_lib/src/drv_clock.o
 .debug_macro   0x000000000000042f       0x8e ./driver_library/libs/sys_lib/src/drv_clock.o
 .debug_macro   0x00000000000004bd       0x8e ./driver_library/libs/sys_lib/src/drv_clockcal.o
 .debug_macro   0x000000000000054b       0xac ./driver_library/libs/sys_lib/src/drv_console.o
 .debug_macro   0x00000000000005f7       0xf5 ./driver_library/libs/sys_lib/src/drv_console.o
 .debug_macro   0x00000000000006ec       0x16 ./driver_library/libs/sys_lib/src/drv_console.o
 .debug_macro   0x0000000000000702      0x224 ./driver_library/libs/sys_lib/src/drv_console.o
 .debug_macro   0x0000000000000926       0x8d ./driver_library/libs/sys_lib/src/drv_eflash.o
 .debug_macro   0x00000000000009b3       0x4c ./driver_library/libs/sys_lib/src/drv_eflash.o
 .debug_macro   0x00000000000009ff       0x8d ./driver_library/libs/sys_lib/src/drv_gpio.o
 .debug_macro   0x0000000000000a8c       0x8d ./driver_library/libs/sys_lib/src/drv_timer.o
 .debug_macro   0x0000000000000b19       0x58 ./driver_library/libs/sys_lib/src/drv_timer.o
 .debug_macro   0x0000000000000b71       0xb3 ./driver_library/libs/sys_lib/src/drv_uart.o
 .debug_macro   0x0000000000000c24      0x1d9 ./driver_library/libs/sys_lib/src/irq.o
 .debug_macro   0x0000000000000dfd       0x10 ./driver_library/libs/sys_lib/src/irq.o
 .debug_macro   0x0000000000000e0d       0xfc ./driver_library/libs/sys_lib/src/system_proton.o
 .debug_macro   0x0000000000000f09       0x22 ./driver_library/libs/sys_lib/src/system_proton.o
 .debug_macro   0x0000000000000f2b      0x1dd ./driver_library/libs/sys_lib/src/utils.o
 .debug_macro   0x0000000000001108       0x58 ./driver_library/libs/sys_lib/src/utils.o
 .debug_macro   0x0000000000001160       0xd8 ./driver_library/libs/string_lib/src/qprintf.o
 .debug_macro   0x0000000000001238       0x58 ./driver_library/libs/string_lib/src/qprintf.o
 .debug_macro   0x0000000000001290      0x330 ./coremark/core_list_join.o
 .debug_macro   0x00000000000015c0       0x2e ./coremark/core_list_join.o
 .debug_macro   0x00000000000015ee       0x1c ./coremark/core_list_join.o
 .debug_macro   0x000000000000160a       0x10 ./coremark/core_list_join.o
 .debug_macro   0x000000000000161a       0x16 ./coremark/core_list_join.o
 .debug_macro   0x0000000000001630       0x9a ./coremark/core_list_join.o
 .debug_macro   0x00000000000016ca       0x3a ./coremark/core_list_join.o
 .debug_macro   0x0000000000001704      0x336 ./coremark/core_main.o
 .debug_macro   0x0000000000001a3a      0x348 ./coremark/core_matrix.o
 .debug_macro   0x0000000000001d82      0x35e ./coremark/core_portme.o
 .debug_macro   0x00000000000020e0       0x16 ./coremark/core_portme.o
 .debug_macro   0x00000000000020f6       0x16 ./coremark/core_portme.o
 .debug_macro   0x000000000000210c       0x29 ./coremark/core_portme.o
 .debug_macro   0x0000000000002135      0x330 ./coremark/core_state.o
 .debug_macro   0x0000000000002465      0x330 ./coremark/core_util.o

.debug_line     0x0000000000000000    0x1103a
 .debug_line    0x0000000000000000      0x503 ./driver_library/libs/sys_lib/src/drv_clock.o
 .debug_line    0x0000000000000503      0x572 ./driver_library/libs/sys_lib/src/drv_clockcal.o
 .debug_line    0x0000000000000a75      0x474 ./driver_library/libs/sys_lib/src/drv_console.o
 .debug_line    0x0000000000000ee9     0x184b ./driver_library/libs/sys_lib/src/drv_eflash.o
 .debug_line    0x0000000000002734      0xdfd ./driver_library/libs/sys_lib/src/drv_gpio.o
 .debug_line    0x0000000000003531      0x9f9 ./driver_library/libs/sys_lib/src/drv_timer.o
 .debug_line    0x0000000000003f2a      0xf78 ./driver_library/libs/sys_lib/src/drv_uart.o
 .debug_line    0x0000000000004ea2      0x91c ./driver_library/libs/sys_lib/src/irq.o
 .debug_line    0x00000000000057be      0x67f ./driver_library/libs/sys_lib/src/system_proton.o
 .debug_line    0x0000000000005e3d      0x767 ./driver_library/libs/sys_lib/src/utils.o
 .debug_line    0x00000000000065a4     0x18c7 ./driver_library/libs/string_lib/src/qprintf.o
 .debug_line    0x0000000000007e6b      0x40a ./driver_library/gcc/crt0.riscv.o
 .debug_line    0x0000000000008275     0x282b ./coremark/core_list_join.o
 .debug_line    0x000000000000aaa0     0x11e0 ./coremark/core_main.o
 .debug_line    0x000000000000bc80     0x14f2 ./coremark/core_matrix.o
 .debug_line    0x000000000000d172      0x67e ./coremark/core_portme.o
 .debug_line    0x000000000000d7f0     0x149c ./coremark/core_state.o
 .debug_line    0x000000000000ec8c     0x23ae ./coremark/core_util.o

.debug_str      0x0000000000000000     0xc2a7
 .debug_str     0x0000000000000000     0x409a ./driver_library/libs/sys_lib/src/drv_clock.o
                                       0x428b (size before relaxing)
 .debug_str     0x000000000000409a      0x162 ./driver_library/libs/sys_lib/src/drv_clockcal.o
                                       0x4314 (size before relaxing)
 .debug_str     0x00000000000041fc     0x1286 ./driver_library/libs/sys_lib/src/drv_console.o
                                       0x50dc (size before relaxing)
 .debug_str     0x0000000000005482      0x310 ./driver_library/libs/sys_lib/src/drv_eflash.o
                                       0x4211 (size before relaxing)
 .debug_str     0x0000000000005792      0x1d1 ./driver_library/libs/sys_lib/src/drv_gpio.o
                                       0x4b12 (size before relaxing)
 .debug_str     0x0000000000005963      0x3c4 ./driver_library/libs/sys_lib/src/drv_timer.o
                                       0x42d5 (size before relaxing)
 .debug_str     0x0000000000005d27       0xc4 ./driver_library/libs/sys_lib/src/drv_uart.o
                                       0x5485 (size before relaxing)
 .debug_str     0x0000000000005deb     0x4195 ./driver_library/libs/sys_lib/src/irq.o
                                       0x80ec (size before relaxing)
 .debug_str     0x0000000000009f80      0x15d ./driver_library/libs/sys_lib/src/system_proton.o
                                       0x5879 (size before relaxing)
 .debug_str     0x000000000000a0dd       0x6f ./driver_library/libs/sys_lib/src/utils.o
                                       0x8761 (size before relaxing)
 .debug_str     0x000000000000a14c      0x2a1 ./driver_library/libs/string_lib/src/qprintf.o
                                       0x4858 (size before relaxing)
 .debug_str     0x000000000000a3ed       0x3f ./driver_library/gcc/crt0.riscv.o
                                         0x63 (size before relaxing)
 .debug_str     0x000000000000a42c     0x18ba ./coremark/core_list_join.o
                                       0xb010 (size before relaxing)
 .debug_str     0x000000000000bce6      0x199 ./coremark/core_main.o
                                       0xafc7 (size before relaxing)
 .debug_str     0x000000000000be7f      0x165 ./coremark/core_matrix.o
                                       0xaed9 (size before relaxing)
 .debug_str     0x000000000000bfe4      0x175 ./coremark/core_portme.o
                                       0xaf54 (size before relaxing)
 .debug_str     0x000000000000c159      0x123 ./coremark/core_state.o
                                       0xae8b (size before relaxing)
 .debug_str     0x000000000000c27c       0x2b ./coremark/core_util.o
                                       0xadd3 (size before relaxing)

.comment        0x0000000000000000       0x39
 .comment       0x0000000000000000       0x39 ./driver_library/libs/sys_lib/src/drv_clock.o
                                         0x3a (size before relaxing)
 .comment       0x0000000000000039       0x3a ./driver_library/libs/sys_lib/src/drv_clockcal.o
 .comment       0x0000000000000039       0x3a ./driver_library/libs/sys_lib/src/drv_console.o
 .comment       0x0000000000000039       0x3a ./driver_library/libs/sys_lib/src/drv_eflash.o
 .comment       0x0000000000000039       0x3a ./driver_library/libs/sys_lib/src/drv_gpio.o
 .comment       0x0000000000000039       0x3a ./driver_library/libs/sys_lib/src/drv_timer.o
 .comment       0x0000000000000039       0x3a ./driver_library/libs/sys_lib/src/drv_uart.o
 .comment       0x0000000000000039       0x3a ./driver_library/libs/sys_lib/src/irq.o
 .comment       0x0000000000000039       0x3a ./driver_library/libs/sys_lib/src/system_proton.o
 .comment       0x0000000000000039       0x3a ./driver_library/libs/sys_lib/src/utils.o
 .comment       0x0000000000000039       0x3a ./driver_library/libs/string_lib/src/qprintf.o
 .comment       0x0000000000000039       0x3a ./coremark/core_list_join.o
 .comment       0x0000000000000039       0x3a ./coremark/core_main.o
 .comment       0x0000000000000039       0x3a ./coremark/core_matrix.o
 .comment       0x0000000000000039       0x3a ./coremark/core_portme.o
 .comment       0x0000000000000039       0x3a ./coremark/core_state.o
 .comment       0x0000000000000039       0x3a ./coremark/core_util.o

.debug_frame    0x0000000000000000      0xe28
 .debug_frame   0x0000000000000000       0x80 ./driver_library/libs/sys_lib/src/drv_clock.o
 .debug_frame   0x0000000000000080       0x70 ./driver_library/libs/sys_lib/src/drv_clockcal.o
 .debug_frame   0x00000000000000f0       0x88 ./driver_library/libs/sys_lib/src/drv_console.o
 .debug_frame   0x0000000000000178      0x148 ./driver_library/libs/sys_lib/src/drv_eflash.o
 .debug_frame   0x00000000000002c0       0xe0 ./driver_library/libs/sys_lib/src/drv_gpio.o
 .debug_frame   0x00000000000003a0       0xc0 ./driver_library/libs/sys_lib/src/drv_timer.o
 .debug_frame   0x0000000000000460      0x104 ./driver_library/libs/sys_lib/src/drv_uart.o
 .debug_frame   0x0000000000000564      0x210 ./driver_library/libs/sys_lib/src/irq.o
 .debug_frame   0x0000000000000774       0x40 ./driver_library/libs/sys_lib/src/system_proton.o
 .debug_frame   0x00000000000007b4       0x74 ./driver_library/libs/sys_lib/src/utils.o
 .debug_frame   0x0000000000000828      0x124 ./driver_library/libs/string_lib/src/qprintf.o
 .debug_frame   0x000000000000094c      0x18c ./coremark/core_list_join.o
 .debug_frame   0x0000000000000ad8       0x78 ./coremark/core_main.o
 .debug_frame   0x0000000000000b50      0x120 ./coremark/core_matrix.o
 .debug_frame   0x0000000000000c70       0x80 ./coremark/core_portme.o
 .debug_frame   0x0000000000000cf0       0x8c ./coremark/core_state.o
 .debug_frame   0x0000000000000d7c       0x70 ./coremark/core_util.o
 .debug_frame   0x0000000000000dec       0x3c d:/corelinkide/gnu mcu eclipse/risc-v embedded gcc/8.2.0-2.2-20190521-0004/bin/../lib/gcc/riscv-none-embed/8.2.0/../../../../riscv-none-embed/lib/rv32im/ilp32\libc.a(lib_a-init.o)
